******************************************************************************
                  TI ARM Linker PC v16.9.1                     
******************************************************************************
>> Linked Sat Mar 03 11:33:43 2018

OUTPUT FILE NAME:   <lab 6.out>
ENTRY POINT SYMBOL: "_c_int00"  address: 00000631


MEMORY CONFIGURATION

         name            origin    length      used     unused   attr    fill
----------------------  --------  ---------  --------  --------  ----  --------
  FLASH                 00000000   00040000  000007f8  0003f808  R  X
  SRAM                  20000000   00008000  00000a88  00007578  RW X


SEGMENT ALLOCATION MAP

run origin  load origin   length   init length attrs members
----------  ----------- ---------- ----------- ----- -------
00000000    00000000    000007f8   000007f8    r-x
  00000000    00000000    0000026c   0000026c    r-- .intvecs
  0000026c    0000026c    00000544   00000544    r-x .text
  000007b0    000007b0    00000048   00000048    r-- .cinit
20000000    20000000    00000a88   00000000    rw-
  20000000    20000000    0000026c   00000000    rw- .vtable
  2000026c    2000026c    00000800   00000000    rw- .stack
  20000a6c    20000a6c    00000018   00000000    rw- .data
  20000a84    20000a84    00000004   00000000    rw- .bss


SECTION ALLOCATION MAP

 output                                  attributes/
section   page    origin      length       input sections
--------  ----  ----------  ----------   ----------------
.intvecs   0    00000000    0000026c     
                  00000000    0000026c     tm4c123gh6pm_startup_ccs.obj (.intvecs)

.text      0    0000026c    00000544     
                  0000026c    00000158     Timer.obj (.text)
                  000003c4    0000009c     rtsv7M4_T_le_v4SPD16_eabi.lib : memcpy_t2.obj (.text)
                  00000460    0000007c     ping.obj (.text)
                  000004dc    0000007a     rtsv7M4_T_le_v4SPD16_eabi.lib : memset_t2.obj (.text)
                  00000556    00000002                                   : mpu_init.obj (.text)
                  00000558    00000070                                   : autoinit.obj (.text)
                  000005c8    00000068                                   : copy_decompress_lzss.obj (.text:decompress:lzss)
                  00000630    00000054                                   : boot.obj (.text)
                  00000684    00000054                                   : exit.obj (.text)
                  000006d8    0000004c                                   : cpy_tbl.obj (.text)
                  00000724    00000034     driverlib.lib : interrupt.obj (.text:IntRegister)
                  00000758    00000018     rtsv7M4_T_le_v4SPD16_eabi.lib : args_main.obj (.text)
                  00000770    00000014                                   : _lock.obj (.text)
                  00000784    0000000e                                   : copy_decompress_none.obj (.text:decompress:none)
                  00000792    0000000c                                   : copy_zero_init.obj (.text:decompress:ZI)
                  0000079e    0000000c     tm4c123gh6pm_startup_ccs.obj (.text)
                  000007aa    00000004     rtsv7M4_T_le_v4SPD16_eabi.lib : pre_init.obj (.text)
                  000007ae    00000002                                   : startup.obj (.text)

.cinit     0    000007b0    00000048     
                  000007b0    00000011     (.cinit..data.load) [load image, compression = lzss]
                  000007c1    00000003     --HOLE-- [fill = 0]
                  000007c4    0000000c     (__TI_handler_table)
                  000007d0    00000008     (.cinit..bss.load) [load image, compression = zero_init]
                  000007d8    00000008     (.cinit..vtable.load) [load image, compression = zero_init]
                  000007e0    00000018     (__TI_cinit_table)

.init_array 
*          0    00000000    00000000     UNINITIALIZED

.vtable    0    20000000    0000026c     UNINITIALIZED
                  20000000    0000026c     driverlib.lib : interrupt.obj (.vtable)

.stack     0    2000026c    00000800     UNINITIALIZED
                  2000026c    00000800     --HOLE--

.data      0    20000a6c    00000018     UNINITIALIZED
                  20000a6c    0000000c     rtsv7M4_T_le_v4SPD16_eabi.lib : exit.obj (.data:$O1$$)
                  20000a78    00000008                                   : _lock.obj (.data:$O1$$)
                  20000a80    00000004                                   : stkdepth_vars.obj (.data)

.bss       0    20000a84    00000004     UNINITIALIZED
                  20000a84    00000004     (.common:last_event_time)

MODULE SUMMARY

       Module                         code   ro data   rw data
       ------                         ----   -------   -------
    .\
       tm4c123gh6pm_startup_ccs.obj   12     620       0      
       Timer.obj                      344    0         0      
       ping.obj                       124    0         4      
    +--+------------------------------+------+---------+---------+
       Total:                         480    620       4      
                                                              
    C:/ti/TivaWare_C_Series-2.1.2.111/driverlib/ccs/Debug/driverlib.lib
       interrupt.obj                  52     0         620    
    +--+------------------------------+------+---------+---------+
       Total:                         52     0         620    
                                                              
    C:\ti\ccsv7\tools\compiler\ti-cgt-arm_16.9.1.LTS\lib\rtsv7M4_T_le_v4SPD16_eabi.lib
       memcpy_t2.obj                  156    0         0      
       memset_t2.obj                  122    0         0      
       autoinit.obj                   112    0         0      
       copy_decompress_lzss.obj       104    0         0      
       exit.obj                       84     0         12     
       boot.obj                       84     0         0      
       cpy_tbl.obj                    76     0         0      
       _lock.obj                      20     0         8      
       args_main.obj                  24     0         0      
       copy_decompress_none.obj       14     0         0      
       copy_zero_init.obj             12     0         0      
       pre_init.obj                   4      0         0      
       stkdepth_vars.obj              0      0         4      
       mpu_init.obj                   2      0         0      
       startup.obj                    2      0         0      
    +--+------------------------------+------+---------+---------+
       Total:                         816    0         24     
                                                              
       Stack:                         0      0         2048   
       Linker Generated:              0      69        0      
    +--+------------------------------+------+---------+---------+
       Grand Total:                   1348   689       2696   


LINKER GENERATED COPY TABLES

__TI_cinit_table @ 000007e0 records: 3, size/record: 8, table size: 24
	.data: load addr=000007b0, load size=00000011 bytes, run addr=20000a6c, run size=00000018 bytes, compression=lzss
	.bss: load addr=000007d0, load size=00000008 bytes, run addr=20000a84, run size=00000004 bytes, compression=zero_init
	.vtable: load addr=000007d8, load size=00000008 bytes, run addr=20000000, run size=0000026c bytes, compression=zero_init


LINKER GENERATED HANDLER TABLE

__TI_handler_table @ 000007c4 records: 3, size/record: 4, table size: 12
	index: 0, handler: __TI_zero_init
	index: 1, handler: __TI_decompress_lzss
	index: 2, handler: __TI_decompress_none


GLOBAL SYMBOLS: SORTED ALPHABETICALLY BY Name 

address   name                           
-------   ----                           
00000685  C$$EXIT                        
00000725  IntRegister                    
0000079f  ResetISR                       
UNDEFED   SHT$$INIT_ARRAY$$Base          
UNDEFED   SHT$$INIT_ARRAY$$Limit         
00000463  TIMER3B_Handler                
20000a6c  __STACK_END                    
00000800  __STACK_SIZE                   
2000046c  __STACK_TOP                    
000007e0  __TI_CINIT_Base                
000007f8  __TI_CINIT_Limit               
000007c4  __TI_Handler_Table_Base        
000007d0  __TI_Handler_Table_Limit       
00000559  __TI_auto_init                 
20000a6c  __TI_cleanup_ptr               
000005c9  __TI_decompress_lzss           
00000785  __TI_decompress_none           
20000a70  __TI_dtors_ptr                 
20000a74  __TI_enable_exit_profile_output
ffffffff  __TI_pprof_out_hndl            
ffffffff  __TI_prof_data_size            
ffffffff  __TI_prof_data_start           
00000000  __TI_static_base__             
00000793  __TI_zero_init                 
000004dd  __aeabi_memclr                 
000004dd  __aeabi_memclr4                
000004dd  __aeabi_memclr8                
000003c5  __aeabi_memcpy                 
000003c5  __aeabi_memcpy4                
000003c5  __aeabi_memcpy8                
000004df  __aeabi_memset                 
000004df  __aeabi_memset4                
000004df  __aeabi_memset8                
ffffffff  __binit__                      
ffffffff  __c_args__                     
00000557  __mpu_init                     
2000026c  __stack                        
00000759  _args_main                     
00000631  _c_int00                       
20000a78  _lock                          
0000077f  _nop                           
00000777  _register_lock                 
00000771  _register_unlock               
000007af  _system_post_cinit             
000007ab  _system_pre_init               
20000a7c  _unlock                        
00000689  abort                          
ffffffff  binit                          
000006d9  copy_in                        
00000691  exit                           
20000000  g_pfnRAMVectors                
00000000  g_pfnVectors                   
20000a84  last_event_time                
000004bb  main                           
20000a80  main_func_sp                   
000003c5  memcpy                         
000004e5  memset                         
000004a9  ping_read                      
00000477  send_pulse                     
000004b1  time2dist                      
00000461  timer3_init                    
0000037d  timer_getClock                 
00000331  timer_startClock               
000002cb  timer_startTimer               
00000383  timer_stopClock                
0000031b  timer_stopTimer                
000002a1  timer_waitMicros               
0000026d  timer_waitMillis               


GLOBAL SYMBOLS: SORTED BY Symbol Address 

address   name                           
-------   ----                           
00000000  __TI_static_base__             
00000000  g_pfnVectors                   
0000026d  timer_waitMillis               
000002a1  timer_waitMicros               
000002cb  timer_startTimer               
0000031b  timer_stopTimer                
00000331  timer_startClock               
0000037d  timer_getClock                 
00000383  timer_stopClock                
000003c5  __aeabi_memcpy                 
000003c5  __aeabi_memcpy4                
000003c5  __aeabi_memcpy8                
000003c5  memcpy                         
00000461  timer3_init                    
00000463  TIMER3B_Handler                
00000477  send_pulse                     
000004a9  ping_read                      
000004b1  time2dist                      
000004bb  main                           
000004dd  __aeabi_memclr                 
000004dd  __aeabi_memclr4                
000004dd  __aeabi_memclr8                
000004df  __aeabi_memset                 
000004df  __aeabi_memset4                
000004df  __aeabi_memset8                
000004e5  memset                         
00000557  __mpu_init                     
00000559  __TI_auto_init                 
000005c9  __TI_decompress_lzss           
00000631  _c_int00                       
00000685  C$$EXIT                        
00000689  abort                          
00000691  exit                           
000006d9  copy_in                        
00000725  IntRegister                    
00000759  _args_main                     
00000771  _register_unlock               
00000777  _register_lock                 
0000077f  _nop                           
00000785  __TI_decompress_none           
00000793  __TI_zero_init                 
0000079f  ResetISR                       
000007ab  _system_pre_init               
000007af  _system_post_cinit             
000007c4  __TI_Handler_Table_Base        
000007d0  __TI_Handler_Table_Limit       
000007e0  __TI_CINIT_Base                
000007f8  __TI_CINIT_Limit               
00000800  __STACK_SIZE                   
20000000  g_pfnRAMVectors                
2000026c  __stack                        
2000046c  __STACK_TOP                    
20000a6c  __STACK_END                    
20000a6c  __TI_cleanup_ptr               
20000a70  __TI_dtors_ptr                 
20000a74  __TI_enable_exit_profile_output
20000a78  _lock                          
20000a7c  _unlock                        
20000a80  main_func_sp                   
20000a84  last_event_time                
ffffffff  __TI_pprof_out_hndl            
ffffffff  __TI_prof_data_size            
ffffffff  __TI_prof_data_start           
ffffffff  __binit__                      
ffffffff  __c_args__                     
ffffffff  binit                          
UNDEFED   SHT$$INIT_ARRAY$$Base          
UNDEFED   SHT$$INIT_ARRAY$$Limit         

[68 symbols]
