******************************************************************************
                  TI ARM Linker PC v16.9.4                     
******************************************************************************
>> Linked Sat Feb 03 11:34:25 2018

OUTPUT FILE NAME:   <lab3.out>
ENTRY POINT SYMBOL: "_c_int00"  address: 00000709


MEMORY CONFIGURATION

         name            origin    length      used     unused   attr    fill
----------------------  --------  ---------  --------  --------  ----  --------
  FLASH                 00000000   00040000  0000086e  0003f792  R  X
  SRAM                  20000000   00008000  0000081a  000077e6  RW X


SEGMENT ALLOCATION MAP

run origin  load origin   length   init length attrs members
----------  ----------- ---------- ----------- ----- -------
00000000    00000000    00000874   00000874    r-x
  00000000    00000000    0000026c   0000026c    r-- .intvecs
  0000026c    0000026c    000005de   000005de    r-x .text
  00000850    00000850    00000024   00000024    r-- .cinit
20000000    20000000    0000081a   00000000    rw-
  20000000    20000000    00000800   00000000    rw- .stack
  20000800    20000800    0000001a   00000000    rw- .data


SECTION ALLOCATION MAP

 output                                  attributes/
section   page    origin      length       input sections
--------  ----  ----------  ----------   ----------------
.intvecs   0    00000000    0000026c     
                  00000000    0000026c     tm4c123gh6pm_startup_ccs.obj (.intvecs)

.text      0    0000026c    000005de     
                  0000026c    000001d0     lab3_template.obj (.text)
                  0000043c    00000158     Timer.obj (.text)
                  00000594    0000009c     rtsv7M4_T_le_v4SPD16_eabi.lib : memcpy_t2.obj (.text)
                  00000630    00000070                                   : autoinit.obj (.text)
                  000006a0    00000068                                   : copy_decompress_lzss.obj (.text:decompress:lzss)
                  00000708    00000054                                   : boot.obj (.text)
                  0000075c    00000054                                   : exit.obj (.text)
                  000007b0    0000004c                                   : cpy_tbl.obj (.text)
                  000007fc    00000018                                   : args_main.obj (.text)
                  00000814    00000014                                   : _lock.obj (.text)
                  00000828    0000000e                                   : copy_decompress_none.obj (.text:decompress:none)
                  00000836    0000000c     tm4c123gh6pm_startup_ccs.obj (.text)
                  00000842    00000004     rtsv7M4_T_le_v4SPD16_eabi.lib : pre_init.obj (.text)
                  00000846    00000002                                   : mpu_init.obj (.text)
                  00000848    00000002                                   : startup.obj (.text)

.cinit     0    00000850    00000024     
                  00000850    00000013     (.cinit..data.load) [load image, compression = lzss]
                  00000863    00000001     --HOLE-- [fill = 0]
                  00000864    00000008     (__TI_handler_table)
                  0000086c    00000008     (__TI_cinit_table)

.init_array 
*          0    00000000    00000000     UNINITIALIZED

.stack     0    20000000    00000800     UNINITIALIZED
                  20000000    00000800     --HOLE--

.data      0    20000800    0000001a     UNINITIALIZED
                  20000800    0000000c     rtsv7M4_T_le_v4SPD16_eabi.lib : exit.obj (.data:$O1$$)
                  2000080c    00000008                                   : _lock.obj (.data:$O1$$)
                  20000814    00000004                                   : stkdepth_vars.obj (.data)
                  20000818    00000002     lab3_template.obj (.data)

MODULE SUMMARY

       Module                         code   ro data   rw data
       ------                         ----   -------   -------
    .\
       tm4c123gh6pm_startup_ccs.obj   12     620       0      
       lab3_template.obj              464    0         2      
       Timer.obj                      344    0         0      
    +--+------------------------------+------+---------+---------+
       Total:                         820    620       2      
                                                              
    C:\ti\ccsv7\tools\compiler\ti-cgt-arm_16.9.4.LTS\lib\rtsv7M4_T_le_v4SPD16_eabi.lib
       memcpy_t2.obj                  156    0         0      
       autoinit.obj                   112    0         0      
       copy_decompress_lzss.obj       104    0         0      
       exit.obj                       84     0         12     
       boot.obj                       84     0         0      
       cpy_tbl.obj                    76     0         0      
       _lock.obj                      20     0         8      
       args_main.obj                  24     0         0      
       copy_decompress_none.obj       14     0         0      
       pre_init.obj                   4      0         0      
       stkdepth_vars.obj              0      0         4      
       mpu_init.obj                   2      0         0      
       startup.obj                    2      0         0      
    +--+------------------------------+------+---------+---------+
       Total:                         682    0         24     
                                                              
       Stack:                         0      0         2048   
       Linker Generated:              0      35        0      
    +--+------------------------------+------+---------+---------+
       Grand Total:                   1502   655       2074   


LINKER GENERATED COPY TABLES

__TI_cinit_table @ 0000086c records: 1, size/record: 8, table size: 8
	.data: load addr=00000850, load size=00000013 bytes, run addr=20000800, run size=0000001a bytes, compression=lzss


LINKER GENERATED HANDLER TABLE

__TI_handler_table @ 00000864 records: 2, size/record: 4, table size: 8
	index: 0, handler: __TI_decompress_lzss
	index: 1, handler: __TI_decompress_none


GLOBAL SYMBOLS: SORTED ALPHABETICALLY BY Name 

address   name                           
-------   ----                           
0000075d  C$$EXIT                        
00000837  ResetISR                       
UNDEFED   SHT$$INIT_ARRAY$$Base          
UNDEFED   SHT$$INIT_ARRAY$$Limit         
20000800  __STACK_END                    
00000800  __STACK_SIZE                   
20000200  __STACK_TOP                    
0000086c  __TI_CINIT_Base                
00000874  __TI_CINIT_Limit               
00000864  __TI_Handler_Table_Base        
0000086c  __TI_Handler_Table_Limit       
00000631  __TI_auto_init                 
20000800  __TI_cleanup_ptr               
000006a1  __TI_decompress_lzss           
00000829  __TI_decompress_none           
20000804  __TI_dtors_ptr                 
20000808  __TI_enable_exit_profile_output
ffffffff  __TI_pprof_out_hndl            
ffffffff  __TI_prof_data_size            
ffffffff  __TI_prof_data_start           
00000000  __TI_static_base__             
00000595  __aeabi_memcpy                 
00000595  __aeabi_memcpy4                
00000595  __aeabi_memcpy8                
ffffffff  __binit__                      
ffffffff  __c_args__                     
00000847  __mpu_init                     
20000000  __stack                        
000007fd  _args_main                     
00000709  _c_int00                       
2000080c  _lock                          
00000823  _nop                           
0000081b  _register_lock                 
00000815  _register_unlock               
00000849  _system_post_cinit             
00000843  _system_pre_init               
20000810  _unlock                        
00000761  abort                          
ffffffff  binit                          
000007b1  copy_in                        
00000769  exit                           
00000000  g_pfnVectors                   
000003fb  main                           
20000814  main_func_sp                   
00000595  memcpy                         
00000315  move_stepper_motor_by_step     
00000297  read_shaft_encoder             
0000026d  shaft_encoder_init             
000002e3  stepper_init                   
0000054d  timer_getClock                 
00000501  timer_startClock               
0000049b  timer_startTimer               
00000553  timer_stopClock                
000004eb  timer_stopTimer                
00000471  timer_waitMicros               
0000043d  timer_waitMillis               


GLOBAL SYMBOLS: SORTED BY Symbol Address 

address   name                           
-------   ----                           
00000000  __TI_static_base__             
00000000  g_pfnVectors                   
0000026d  shaft_encoder_init             
00000297  read_shaft_encoder             
000002e3  stepper_init                   
00000315  move_stepper_motor_by_step     
000003fb  main                           
0000043d  timer_waitMillis               
00000471  timer_waitMicros               
0000049b  timer_startTimer               
000004eb  timer_stopTimer                
00000501  timer_startClock               
0000054d  timer_getClock                 
00000553  timer_stopClock                
00000595  __aeabi_memcpy                 
00000595  __aeabi_memcpy4                
00000595  __aeabi_memcpy8                
00000595  memcpy                         
00000631  __TI_auto_init                 
000006a1  __TI_decompress_lzss           
00000709  _c_int00                       
0000075d  C$$EXIT                        
00000761  abort                          
00000769  exit                           
000007b1  copy_in                        
000007fd  _args_main                     
00000800  __STACK_SIZE                   
00000815  _register_unlock               
0000081b  _register_lock                 
00000823  _nop                           
00000829  __TI_decompress_none           
00000837  ResetISR                       
00000843  _system_pre_init               
00000847  __mpu_init                     
00000849  _system_post_cinit             
00000864  __TI_Handler_Table_Base        
0000086c  __TI_CINIT_Base                
0000086c  __TI_Handler_Table_Limit       
00000874  __TI_CINIT_Limit               
20000000  __stack                        
20000200  __STACK_TOP                    
20000800  __STACK_END                    
20000800  __TI_cleanup_ptr               
20000804  __TI_dtors_ptr                 
20000808  __TI_enable_exit_profile_output
2000080c  _lock                          
20000810  _unlock                        
20000814  main_func_sp                   
ffffffff  __TI_pprof_out_hndl            
ffffffff  __TI_prof_data_size            
ffffffff  __TI_prof_data_start           
ffffffff  __binit__                      
ffffffff  __c_args__                     
ffffffff  binit                          
UNDEFED   SHT$$INIT_ARRAY$$Base          
UNDEFED   SHT$$INIT_ARRAY$$Limit         

[56 symbols]
