******************************************************************************
                  TI ARM Linker PC v16.9.4                     
******************************************************************************
>> Linked Fri Feb 09 13:35:44 2018

OUTPUT FILE NAME:   <lab4.out>
ENTRY POINT SYMBOL: "_c_int00"  address: 000024b1


MEMORY CONFIGURATION

         name            origin    length      used     unused   attr    fill
----------------------  --------  ---------  --------  --------  ----  --------
  FLASH                 00000000   00040000  000028eb  0003d715  R  X
  SRAM                  20000000   00008000  00000872  0000778e  RW X


SEGMENT ALLOCATION MAP

run origin  load origin   length   init length attrs members
----------  ----------- ---------- ----------- ----- -------
00000000    00000000    000028f0   000028f0    r-x
  00000000    00000000    0000026c   0000026c    r-- .intvecs
  0000026c    0000026c    0000253e   0000253e    r-x .text
  000027aa    000027aa    00000109   00000109    r-- .const
  000028b8    000028b8    00000038   00000038    r-- .cinit
20000000    20000000    00000875   00000000    rw-
  20000000    20000000    00000800   00000000    rw- .stack
  20000800    20000800    00000055   00000000    rw- .bss
  20000858    20000858    0000001d   00000000    rw- .data


SECTION ALLOCATION MAP

 output                                  attributes/
section   page    origin      length       input sections
--------  ----  ----------  ----------   ----------------
.intvecs   0    00000000    0000026c     
                  00000000    0000026c     tm4c123gh6pm_startup_ccs.obj (.intvecs)

.text      0    0000026c    0000253e     
                  0000026c    0000113e     rtsv7M4_T_le_v4SPD16_eabi.lib : _printfi.obj (.text)
                  000013aa    00000002                                   : mpu_init.obj (.text)
                  000013ac    000002e8     lcd.obj (.text)
                  00001694    000001f4     rtsv7M4_T_le_v4SPD16_eabi.lib : ull_div_t2.obj (.text)
                  00001888    000001b6                                   : fd_add_t2.obj (.text)
                  00001a3e    00000002                                   : startup.obj (.text)
                  00001a40    00000158     Timer.obj (.text)
                  00001b98    00000136     rtsv7M4_T_le_v4SPD16_eabi.lib : fd_div_t2.obj (.text)
                  00001cce    00000002     --HOLE-- [fill = 0]
                  00001cd0    00000108     button.obj (.text)
                  00001dd8    000000fc     rtsv7M4_T_le_v4SPD16_eabi.lib : fd_mul_t2.obj (.text)
                  00001ed4    000000fc                                   : s_scalbn.obj (.text)
                  00001fd0    000000f8     clock_intr.obj (.text)
                  000020c8    0000009c     rtsv7M4_T_le_v4SPD16_eabi.lib : memcpy_t2.obj (.text)
                  00002164    00000088                                   : vsnprintf.obj (.text)
                  000021ec    00000086                                   : fd_cmp_t2.obj (.text:__aeabi_cdcmple)
                  00002272    00000086                                   : fd_cmp_t2.obj (.text:__aeabi_cdrcmple)
                  000022f8    0000007a                                   : memset_t2.obj (.text)
                  00002372    00000002     --HOLE-- [fill = 0]
                  00002374    00000070                                   : autoinit.obj (.text)
                  000023e4    00000068                                   : copy_decompress_lzss.obj (.text:decompress:lzss)
                  0000244c    00000064                                   : s_frexp.obj (.text)
                  000024b0    00000054                                   : boot.obj (.text)
                  00002504    00000054                                   : exit.obj (.text)
                  00002558    00000054                                   : ltoa.obj (.text)
                  000025ac    0000004c                                   : atoi.obj (.text)
                  000025f8    0000004c                                   : cpy_tbl.obj (.text)
                  00002644    00000048                                   : fd_toi_t2.obj (.text)
                  0000268c    0000002e                                   : i_tofd_t2.obj (.text)
                  000026ba    0000001c                                   : memccpy.obj (.text)
                  000026d6    00000002     --HOLE-- [fill = 0]
                  000026d8    00000018                                   : args_main.obj (.text)
                  000026f0    00000018                                   : strcmp.obj (.text)
                  00002708    00000016                                   : strchr.obj (.text)
                  0000271e    00000002     --HOLE-- [fill = 0]
                  00002720    00000014                                   : _lock.obj (.text)
                  00002734    00000014                                   : s_copysign.obj (.text)
                  00002748    00000014                                   : strcpy.obj (.text)
                  0000275c    00000014                                   : strlen.obj (.text)
                  00002770    00000010     lcd.obj (.text:lcd_clear)
                  00002780    0000000e     rtsv7M4_T_le_v4SPD16_eabi.lib : copy_decompress_none.obj (.text:decompress:none)
                  0000278e    0000000c                                   : copy_zero_init.obj (.text:decompress:ZI)
                  0000279a    0000000c     tm4c123gh6pm_startup_ccs.obj (.text)
                  000027a6    00000004     rtsv7M4_T_le_v4SPD16_eabi.lib : pre_init.obj (.text)

.const     0    000027aa    00000109     
                  000027aa    00000101     rtsv7M4_T_le_v4SPD16_eabi.lib : ctype.obj (.const:.string:_ctypes_)
                  000028ab    00000004     lcd.obj (.const:.string:lineAddress$1)
                  000028af    00000004     lcd.obj (.const:.string:lineAddresses$2)

.cinit     0    000028b8    00000038     
                  000028b8    00000011     (.cinit..data.load) [load image, compression = lzss]
                  000028c9    00000003     --HOLE-- [fill = 0]
                  000028cc    0000000c     (__TI_handler_table)
                  000028d8    00000008     (.cinit..bss.load) [load image, compression = zero_init]
                  000028e0    00000010     (__TI_cinit_table)

.init_array 
*          0    00000000    00000000     UNINITIALIZED

.stack     0    20000000    00000800     UNINITIALIZED
                  20000000    00000800     --HOLE--

.bss       0    20000800    00000055     UNINITIALIZED
                  20000800    00000054     lcd.obj (.bss:lastbuffer$3)
                  20000854    00000001     (.common:_prevButton)

.data      0    20000858    0000001d     UNINITIALIZED
                  20000858    0000000c     rtsv7M4_T_le_v4SPD16_eabi.lib : exit.obj (.data:$O1$$)
                  20000864    00000008                                   : _lock.obj (.data:$O1$$)
                  2000086c    00000004                                   : errno.obj (.data)
                  20000870    00000004                                   : stkdepth_vars.obj (.data)
                  20000874    00000001     button.obj (.data)

MODULE SUMMARY

       Module                         code   ro data   rw data
       ------                         ----   -------   -------
    .\
       lcd.obj                        760    8         84     
       tm4c123gh6pm_startup_ccs.obj   12     620       0      
       Timer.obj                      344    0         0      
       button.obj                     264    0         2      
       clock_intr.obj                 248    0         0      
    +--+------------------------------+------+---------+---------+
       Total:                         1628   628       86     
                                                              
    C:\ti\ccsv7\tools\compiler\ti-cgt-arm_16.9.4.LTS\lib\rtsv7M4_T_le_v4SPD16_eabi.lib
       _printfi.obj                   4414   0         0      
       ull_div_t2.obj                 500    0         0      
       fd_add_t2.obj                  438    0         0      
       fd_div_t2.obj                  310    0         0      
       fd_cmp_t2.obj                  268    0         0      
       ctype.obj                      0      257       0      
       fd_mul_t2.obj                  252    0         0      
       s_scalbn.obj                   252    0         0      
       memcpy_t2.obj                  156    0         0      
       vsnprintf.obj                  136    0         0      
       memset_t2.obj                  122    0         0      
       autoinit.obj                   112    0         0      
       copy_decompress_lzss.obj       104    0         0      
       s_frexp.obj                    100    0         0      
       exit.obj                       84     0         12     
       boot.obj                       84     0         0      
       ltoa.obj                       84     0         0      
       atoi.obj                       76     0         0      
       cpy_tbl.obj                    76     0         0      
       fd_toi_t2.obj                  72     0         0      
       i_tofd_t2.obj                  46     0         0      
       _lock.obj                      20     0         8      
       memccpy.obj                    28     0         0      
       args_main.obj                  24     0         0      
       strcmp.obj                     24     0         0      
       strchr.obj                     22     0         0      
       s_copysign.obj                 20     0         0      
       strcpy.obj                     20     0         0      
       strlen.obj                     20     0         0      
       copy_decompress_none.obj       14     0         0      
       copy_zero_init.obj             12     0         0      
       errno.obj                      0      0         4      
       pre_init.obj                   4      0         0      
       stkdepth_vars.obj              0      0         4      
       mpu_init.obj                   2      0         0      
       startup.obj                    2      0         0      
    +--+------------------------------+------+---------+---------+
       Total:                         7898   257       28     
                                                              
       Stack:                         0      0         2048   
       Linker Generated:              0      53        0      
    +--+------------------------------+------+---------+---------+
       Grand Total:                   9526   938       2162   


LINKER GENERATED COPY TABLES

__TI_cinit_table @ 000028e0 records: 2, size/record: 8, table size: 16
	.data: load addr=000028b8, load size=00000011 bytes, run addr=20000858, run size=0000001d bytes, compression=lzss
	.bss: load addr=000028d8, load size=00000008 bytes, run addr=20000800, run size=00000055 bytes, compression=zero_init


LINKER GENERATED HANDLER TABLE

__TI_handler_table @ 000028cc records: 3, size/record: 4, table size: 12
	index: 0, handler: __TI_decompress_lzss
	index: 1, handler: __TI_decompress_none
	index: 2, handler: __TI_zero_init


GLOBAL SYMBOLS: SORTED ALPHABETICALLY BY Name 

address   name                           
-------   ----                           
00002505  C$$EXIT                        
0000279b  ResetISR                       
UNDEFED   SHT$$INIT_ARRAY$$Base          
UNDEFED   SHT$$INIT_ARRAY$$Limit         
20000800  __STACK_END                    
00000800  __STACK_SIZE                   
20000200  __STACK_TOP                    
000028e0  __TI_CINIT_Base                
000028f0  __TI_CINIT_Limit               
000028cc  __TI_Handler_Table_Base        
000028d8  __TI_Handler_Table_Limit       
00002375  __TI_auto_init                 
20000858  __TI_cleanup_ptr               
000023e5  __TI_decompress_lzss           
00002781  __TI_decompress_none           
2000085c  __TI_dtors_ptr                 
20000860  __TI_enable_exit_profile_output
ffffffff  __TI_pprof_out_hndl            
00000ab1  __TI_printfi                   
ffffffff  __TI_prof_data_size            
ffffffff  __TI_prof_data_start           
00000000  __TI_static_base__             
0000278f  __TI_zero_init                 
000021ed  __aeabi_cdcmpeq                
000021ed  __aeabi_cdcmple                
00002273  __aeabi_cdrcmple               
00002645  __aeabi_d2iz                   
00001893  __aeabi_dadd                   
00001b99  __aeabi_ddiv                   
00001dd9  __aeabi_dmul                   
00001889  __aeabi_dsub                   
0000268d  __aeabi_i2d                    
000022f9  __aeabi_memclr                 
000022f9  __aeabi_memclr4                
000022f9  __aeabi_memclr8                
000020c9  __aeabi_memcpy                 
000020c9  __aeabi_memcpy4                
000020c9  __aeabi_memcpy8                
000022fb  __aeabi_memset                 
000022fb  __aeabi_memset4                
000022fb  __aeabi_memset8                
00001695  __aeabi_uldivmod               
ffffffff  __binit__                      
ffffffff  __c_args__                     
000013ab  __mpu_init                     
20000000  __stack                        
000026d9  _args_main                     
000024b1  _c_int00                       
000027aa  _ctypes_                       
20000864  _lock                          
0000272f  _nop                           
20000854  _prevButton                    
00002727  _register_lock                 
00002721  _register_unlock               
00001a3f  _system_post_cinit             
000027a7  _system_pre_init               
20000868  _unlock                        
00002509  abort                          
000025ad  atoi                           
ffffffff  binit                          
00001cfd  button_checkButtons            
00001d07  button_getButton               
00001d6b  button_getButtonBlocking       
00001d7f  button_getButtonChange         
00001da9  button_getButtonChangeBlocking 
00001cd1  button_init                    
00001fd1  clock_wait                     
000025f9  copy_in                        
00002735  copysign                       
00002735  copysignl                      
2000086c  errno                          
00002511  exit                           
0000244d  frexp                          
0000244d  frexpl                         
00000000  g_pfnVectors                   
00002771  lcd_clear                      
00001541  lcd_gotoLine                   
000013ad  lcd_init                       
000015a7  lcd_printf                     
00001469  lcd_putc                       
000014a1  lcd_puts                       
000014bf  lcd_sendCommand                
000014fd  lcd_sendNibble                 
00001569  lcd_setCursorPos               
00001ed5  ldexp                          
00001ed5  ldexpl                         
00002559  ltoa                           
0000203f  main                           
20000870  main_func_sp                   
000026bb  memccpy                        
000020c9  memcpy                         
00002301  memset                         
00001ed5  scalbn                         
00001ed5  scalbnl                        
00002709  strchr                         
000026f1  strcmp                         
00002749  strcpy                         
0000275d  strlen                         
00001b51  timer_getClock                 
00001b05  timer_startClock               
00001a9f  timer_startTimer               
00001b57  timer_stopClock                
00001aef  timer_stopTimer                
00001a75  timer_waitMicros               
00001a41  timer_waitMillis               
00002165  vsnprintf                      


GLOBAL SYMBOLS: SORTED BY Symbol Address 

address   name                           
-------   ----                           
00000000  __TI_static_base__             
00000000  g_pfnVectors                   
00000800  __STACK_SIZE                   
00000ab1  __TI_printfi                   
000013ab  __mpu_init                     
000013ad  lcd_init                       
00001469  lcd_putc                       
000014a1  lcd_puts                       
000014bf  lcd_sendCommand                
000014fd  lcd_sendNibble                 
00001541  lcd_gotoLine                   
00001569  lcd_setCursorPos               
000015a7  lcd_printf                     
00001695  __aeabi_uldivmod               
00001889  __aeabi_dsub                   
00001893  __aeabi_dadd                   
00001a3f  _system_post_cinit             
00001a41  timer_waitMillis               
00001a75  timer_waitMicros               
00001a9f  timer_startTimer               
00001aef  timer_stopTimer                
00001b05  timer_startClock               
00001b51  timer_getClock                 
00001b57  timer_stopClock                
00001b99  __aeabi_ddiv                   
00001cd1  button_init                    
00001cfd  button_checkButtons            
00001d07  button_getButton               
00001d6b  button_getButtonBlocking       
00001d7f  button_getButtonChange         
00001da9  button_getButtonChangeBlocking 
00001dd9  __aeabi_dmul                   
00001ed5  ldexp                          
00001ed5  ldexpl                         
00001ed5  scalbn                         
00001ed5  scalbnl                        
00001fd1  clock_wait                     
0000203f  main                           
000020c9  __aeabi_memcpy                 
000020c9  __aeabi_memcpy4                
000020c9  __aeabi_memcpy8                
000020c9  memcpy                         
00002165  vsnprintf                      
000021ed  __aeabi_cdcmpeq                
000021ed  __aeabi_cdcmple                
00002273  __aeabi_cdrcmple               
000022f9  __aeabi_memclr                 
000022f9  __aeabi_memclr4                
000022f9  __aeabi_memclr8                
000022fb  __aeabi_memset                 
000022fb  __aeabi_memset4                
000022fb  __aeabi_memset8                
00002301  memset                         
00002375  __TI_auto_init                 
000023e5  __TI_decompress_lzss           
0000244d  frexp                          
0000244d  frexpl                         
000024b1  _c_int00                       
00002505  C$$EXIT                        
00002509  abort                          
00002511  exit                           
00002559  ltoa                           
000025ad  atoi                           
000025f9  copy_in                        
00002645  __aeabi_d2iz                   
0000268d  __aeabi_i2d                    
000026bb  memccpy                        
000026d9  _args_main                     
000026f1  strcmp                         
00002709  strchr                         
00002721  _register_unlock               
00002727  _register_lock                 
0000272f  _nop                           
00002735  copysign                       
00002735  copysignl                      
00002749  strcpy                         
0000275d  strlen                         
00002771  lcd_clear                      
00002781  __TI_decompress_none           
0000278f  __TI_zero_init                 
0000279b  ResetISR                       
000027a7  _system_pre_init               
000027aa  _ctypes_                       
000028cc  __TI_Handler_Table_Base        
000028d8  __TI_Handler_Table_Limit       
000028e0  __TI_CINIT_Base                
000028f0  __TI_CINIT_Limit               
20000000  __stack                        
20000200  __STACK_TOP                    
20000800  __STACK_END                    
20000854  _prevButton                    
20000858  __TI_cleanup_ptr               
2000085c  __TI_dtors_ptr                 
20000860  __TI_enable_exit_profile_output
20000864  _lock                          
20000868  _unlock                        
2000086c  errno                          
20000870  main_func_sp                   
ffffffff  __TI_pprof_out_hndl            
ffffffff  __TI_prof_data_size            
ffffffff  __TI_prof_data_start           
ffffffff  __binit__                      
ffffffff  __c_args__                     
ffffffff  binit                          
UNDEFED   SHT$$INIT_ARRAY$$Base          
UNDEFED   SHT$$INIT_ARRAY$$Limit         

[106 symbols]
