******************************************************************************
                  TI ARM Linker PC v16.9.4                     
******************************************************************************
>> Linked Thu Mar 15 16:39:02 2018

OUTPUT FILE NAME:   <lab7.out>
ENTRY POINT SYMBOL: "_c_int00"  address: 00003129


MEMORY CONFIGURATION

         name            origin    length      used     unused   attr    fill
----------------------  --------  ---------  --------  --------  ----  --------
  FLASH                 00000000   00040000  000035f6  0003ca0a  R  X
  SRAM                  20000000   00008000  00000afc  00007504  RW X


SEGMENT ALLOCATION MAP

run origin  load origin   length   init length attrs members
----------  ----------- ---------- ----------- ----- -------
00000000    00000000    00003600   00003600    r-x
  00000000    00000000    0000026c   0000026c    r-- .intvecs
  0000026c    0000026c    00003206   00003206    r-x .text
  00003478    00003478    0000013c   0000013c    r-- .const
  000035b8    000035b8    00000048   00000048    r-- .cinit
20000000    20000000    00000b00   00000000    rw-
  20000000    20000000    0000026c   00000000    rw- .vtable
  2000026c    2000026c    00000800   00000000    rw- .stack
  20000a70    20000a70    00000068   00000000    rw- .bss
  20000ad8    20000ad8    00000028   00000000    rw- .data


SECTION ALLOCATION MAP

 output                                  attributes/
section   page    origin      length       input sections
--------  ----  ----------  ----------   ----------------
.intvecs   0    00000000    0000026c     
                  00000000    0000026c     tm4c123gh6pm_startup_ccs.obj (.intvecs)

.text      0    0000026c    00003206     
                  0000026c    0000113e     rtsv7M4_T_le_v4SPD16_eabi.lib : _printfi.obj (.text)
                  000013aa    00000002                                   : mpu_init.obj (.text)
                  000013ac    000009ac                                   : e_pow.obj (.text)
                  00001d58    00000358     ping.obj (.text)
                  000020b0    000002ec     lcd.obj (.text)
                  0000239c    000001f4     rtsv7M4_T_le_v4SPD16_eabi.lib : ull_div_t2.obj (.text)
                  00002590    000001b6                                   : fd_add_t2.obj (.text)
                  00002746    00000002                                   : startup.obj (.text)
                  00002748    00000170                                   : e_sqrt.obj (.text)
                  000028b8    00000158     Timer.obj (.text)
                  00002a10    00000136     rtsv7M4_T_le_v4SPD16_eabi.lib : fd_div_t2.obj (.text)
                  00002b46    000000fc                                   : fd_mul_t2.obj (.text)
                  00002c42    00000002     --HOLE-- [fill = 0]
                  00002c44    000000fc                                   : s_scalbn.obj (.text)
                  00002d40    0000009c                                   : memcpy_t2.obj (.text)
                  00002ddc    00000088                                   : vsnprintf.obj (.text)
                  00002e64    00000086                                   : fd_cmp_t2.obj (.text:__aeabi_cdcmple)
                  00002eea    00000086                                   : fd_cmp_t2.obj (.text:__aeabi_cdrcmple)
                  00002f70    0000007a                                   : memset_t2.obj (.text)
                  00002fea    00000002     --HOLE-- [fill = 0]
                  00002fec    00000070                                   : autoinit.obj (.text)
                  0000305c    00000068                                   : copy_decompress_lzss.obj (.text:decompress:lzss)
                  000030c4    00000064                                   : s_frexp.obj (.text)
                  00003128    00000054                                   : boot.obj (.text)
                  0000317c    00000054                                   : exit.obj (.text)
                  000031d0    00000054                                   : ltoa.obj (.text)
                  00003224    0000004c                                   : atoi.obj (.text)
                  00003270    0000004c                                   : cpy_tbl.obj (.text)
                  000032bc    00000048                                   : fd_toi_t2.obj (.text)
                  00003304    00000034     driverlib.lib : interrupt.obj (.text:IntRegister)
                  00003338    0000002e     rtsv7M4_T_le_v4SPD16_eabi.lib : i_tofd_t2.obj (.text)
                  00003366    0000001c                                   : memccpy.obj (.text)
                  00003382    00000002     --HOLE-- [fill = 0]
                  00003384    00000018                                   : args_main.obj (.text)
                  0000339c    00000018                                   : strcmp.obj (.text)
                  000033b4    00000016                                   : strchr.obj (.text)
                  000033ca    00000002     --HOLE-- [fill = 0]
                  000033cc    00000014                                   : _lock.obj (.text)
                  000033e0    00000014                                   : s_copysign.obj (.text)
                  000033f4    00000014                                   : strcpy.obj (.text)
                  00003408    00000014                                   : strlen.obj (.text)
                  0000341c    00000010     driverlib.lib : interrupt.obj (.text:IntMasterEnable)
                  0000342c    00000010     lcd.obj (.text:lcd_clear)
                  0000343c    0000000e     rtsv7M4_T_le_v4SPD16_eabi.lib : copy_decompress_none.obj (.text:decompress:none)
                  0000344a    0000000c     driverlib.lib : cpu.obj (.text:CPUcpsie)
                  00003456    0000000c     rtsv7M4_T_le_v4SPD16_eabi.lib : copy_zero_init.obj (.text:decompress:ZI)
                  00003462    0000000c     tm4c123gh6pm_startup_ccs.obj (.text)
                  0000346e    00000004     rtsv7M4_T_le_v4SPD16_eabi.lib : pre_init.obj (.text)

.const     0    00003478    0000013c     
                  00003478    00000101     rtsv7M4_T_le_v4SPD16_eabi.lib : ctype.obj (.const:.string:_ctypes_)
                  00003579    00000004     lcd.obj (.const:.string:lineAddress$1)
                  0000357d    00000003     --HOLE-- [fill = 0]
                  00003580    00000030     rtsv7M4_T_le_v4SPD16_eabi.lib : e_pow.obj (.const:$O1$$)
                  000035b0    00000004     lcd.obj (.const:.string:lineAddresses$2)

.cinit     0    000035b8    00000048     
                  000035b8    00000013     (.cinit..data.load) [load image, compression = lzss]
                  000035cb    00000001     --HOLE-- [fill = 0]
                  000035cc    0000000c     (__TI_handler_table)
                  000035d8    00000008     (.cinit..bss.load) [load image, compression = zero_init]
                  000035e0    00000008     (.cinit..vtable.load) [load image, compression = zero_init]
                  000035e8    00000018     (__TI_cinit_table)

.init_array 
*          0    00000000    00000000     UNINITIALIZED

.vtable    0    20000000    0000026c     UNINITIALIZED
                  20000000    0000026c     driverlib.lib : interrupt.obj (.vtable)

.stack     0    2000026c    00000800     UNINITIALIZED
                  2000026c    00000800     --HOLE--

.bss       0    20000a70    00000068     UNINITIALIZED
                  20000a70    00000054     lcd.obj (.bss:lastbuffer$3)
                  20000ac4    00000004     (.common:event_time)
                  20000ac8    00000008     (.common:last_event_time)
                  20000ad0    00000004     (.common:falling_time)
                  20000ad4    00000004     (.common:rising_time)

.data      0    20000ad8    00000028     UNINITIALIZED
                  20000ad8    0000000c     rtsv7M4_T_le_v4SPD16_eabi.lib : exit.obj (.data:$O1$$)
                  20000ae4    0000000c     ping.obj (.data)
                  20000af0    00000008     rtsv7M4_T_le_v4SPD16_eabi.lib : _lock.obj (.data:$O1$$)
                  20000af8    00000004                                   : errno.obj (.data)
                  20000afc    00000004                                   : stkdepth_vars.obj (.data)

MODULE SUMMARY

       Module                         code    ro data   rw data
       ------                         ----    -------   -------
    .\
       ping.obj                       856     0         32     
       lcd.obj                        764     8         84     
       tm4c123gh6pm_startup_ccs.obj   12      620       0      
       Timer.obj                      344     0         0      
    +--+------------------------------+-------+---------+---------+
       Total:                         1976    628       116    
                                                               
    C:/ti/TivaWare_C_Series-2.1.2.111/driverlib/ccs/Debug/driverlib.lib
       interrupt.obj                  68      0         620    
       cpu.obj                        12      0         0      
    +--+------------------------------+-------+---------+---------+
       Total:                         80      0         620    
                                                               
    C:\ti\ccsv7\tools\compiler\ti-cgt-arm_16.9.4.LTS\lib\rtsv7M4_T_le_v4SPD16_eabi.lib
       _printfi.obj                   4414    0         0      
       e_pow.obj                      2476    48        0      
       ull_div_t2.obj                 500     0         0      
       fd_add_t2.obj                  438     0         0      
       e_sqrt.obj                     368     0         0      
       fd_div_t2.obj                  310     0         0      
       fd_cmp_t2.obj                  268     0         0      
       ctype.obj                      0       257       0      
       fd_mul_t2.obj                  252     0         0      
       s_scalbn.obj                   252     0         0      
       memcpy_t2.obj                  156     0         0      
       vsnprintf.obj                  136     0         0      
       memset_t2.obj                  122     0         0      
       autoinit.obj                   112     0         0      
       copy_decompress_lzss.obj       104     0         0      
       s_frexp.obj                    100     0         0      
       exit.obj                       84      0         12     
       boot.obj                       84      0         0      
       ltoa.obj                       84      0         0      
       atoi.obj                       76      0         0      
       cpy_tbl.obj                    76      0         0      
       fd_toi_t2.obj                  72      0         0      
       i_tofd_t2.obj                  46      0         0      
       _lock.obj                      20      0         8      
       memccpy.obj                    28      0         0      
       args_main.obj                  24      0         0      
       strcmp.obj                     24      0         0      
       strchr.obj                     22      0         0      
       s_copysign.obj                 20      0         0      
       strcpy.obj                     20      0         0      
       strlen.obj                     20      0         0      
       copy_decompress_none.obj       14      0         0      
       copy_zero_init.obj             12      0         0      
       errno.obj                      0       0         4      
       pre_init.obj                   4       0         0      
       stkdepth_vars.obj              0       0         4      
       mpu_init.obj                   2       0         0      
       startup.obj                    2       0         0      
    +--+------------------------------+-------+---------+---------+
       Total:                         10742   305       28     
                                                               
       Stack:                         0       0         2048   
       Linker Generated:              0       71        0      
    +--+------------------------------+-------+---------+---------+
       Grand Total:                   12798   1004      2812   


LINKER GENERATED COPY TABLES

__TI_cinit_table @ 000035e8 records: 3, size/record: 8, table size: 24
	.data: load addr=000035b8, load size=00000013 bytes, run addr=20000ad8, run size=00000028 bytes, compression=lzss
	.bss: load addr=000035d8, load size=00000008 bytes, run addr=20000a70, run size=00000068 bytes, compression=zero_init
	.vtable: load addr=000035e0, load size=00000008 bytes, run addr=20000000, run size=0000026c bytes, compression=zero_init


LINKER GENERATED HANDLER TABLE

__TI_handler_table @ 000035cc records: 3, size/record: 4, table size: 12
	index: 0, handler: __TI_zero_init
	index: 1, handler: __TI_decompress_lzss
	index: 2, handler: __TI_decompress_none


GLOBAL SYMBOLS: SORTED ALPHABETICALLY BY Name 

address   name                           
-------   ----                           
0000317d  C$$EXIT                        
0000344b  CPUcpsie                       
0000341d  IntMasterEnable                
00003305  IntRegister                    
00003463  ResetISR                       
UNDEFED   SHT$$INIT_ARRAY$$Base          
UNDEFED   SHT$$INIT_ARRAY$$Limit         
00001d59  TIMER3B_Handler                
20000a6c  __STACK_END                    
00000800  __STACK_SIZE                   
2000046c  __STACK_TOP                    
000035e8  __TI_CINIT_Base                
00003600  __TI_CINIT_Limit               
000035cc  __TI_Handler_Table_Base        
000035d8  __TI_Handler_Table_Limit       
00002fed  __TI_auto_init                 
20000ad8  __TI_cleanup_ptr               
0000305d  __TI_decompress_lzss           
0000343d  __TI_decompress_none           
20000adc  __TI_dtors_ptr                 
20000ae0  __TI_enable_exit_profile_output
ffffffff  __TI_pprof_out_hndl            
00000ab1  __TI_printfi                   
ffffffff  __TI_prof_data_size            
ffffffff  __TI_prof_data_start           
00000000  __TI_static_base__             
00003457  __TI_zero_init                 
00002e65  __aeabi_cdcmpeq                
00002e65  __aeabi_cdcmple                
00002eeb  __aeabi_cdrcmple               
000032bd  __aeabi_d2iz                   
0000259b  __aeabi_dadd                   
00002a11  __aeabi_ddiv                   
00002b47  __aeabi_dmul                   
00002591  __aeabi_dsub                   
00003339  __aeabi_i2d                    
00002f71  __aeabi_memclr                 
00002f71  __aeabi_memclr4                
00002f71  __aeabi_memclr8                
00002d41  __aeabi_memcpy                 
00002d41  __aeabi_memcpy4                
00002d41  __aeabi_memcpy8                
00002f73  __aeabi_memset                 
00002f73  __aeabi_memset4                
00002f73  __aeabi_memset8                
0000239d  __aeabi_uldivmod               
ffffffff  __binit__                      
ffffffff  __c_args__                     
000013ab  __mpu_init                     
2000026c  __stack                        
00003385  _args_main                     
00003129  _c_int00                       
00003478  _ctypes_                       
20000af0  _lock                          
000033db  _nop                           
000033d3  _register_lock                 
000033cd  _register_unlock               
00002747  _system_post_cinit             
0000346f  _system_pre_init               
20000af4  _unlock                        
00003181  abort                          
00003225  atoi                           
ffffffff  binit                          
00003271  copy_in                        
000033e1  copysign                       
000033e1  copysignl                      
20000ae4  edge                           
20000af8  errno                          
20000ac4  event_time                     
00003189  exit                           
20000ad0  falling_time                   
000030c5  frexp                          
000030c5  frexpl                         
20000000  g_pfnRAMVectors                
00000000  g_pfnVectors                   
20000aec  interrupt_occurred             
20000ac8  last_event_time                
0000342d  lcd_clear                      
00002249  lcd_gotoLine                   
000020b1  lcd_init                       
000022af  lcd_printf                     
00002171  lcd_putc                       
000021a9  lcd_puts                       
000021c7  lcd_sendCommand                
00002205  lcd_sendNibble                 
00002271  lcd_setCursorPos               
00002c45  ldexp                          
00002c45  ldexpl                         
000031d1  ltoa                           
00001f4b  main                           
20000afc  main_func_sp                   
00003367  memccpy                        
00002d41  memcpy                         
00002f79  memset                         
20000ae8  overflows                      
00001e11  ping_init                      
00001e9f  ping_read                      
000013ad  pow                            
000013ad  powl                           
20000ad4  rising_time                    
00002c45  scalbn                         
00002c45  scalbnl                        
00001e45  send_pulse                     
00002749  sqrt                           
00002749  sqrtl                          
000033b5  strchr                         
0000339d  strcmp                         
000033f5  strcpy                         
00003409  strlen                         
00001f19  time2dist                      
00001d8f  timer3_init                    
000029c9  timer_getClock                 
0000297d  timer_startClock               
00002917  timer_startTimer               
000029cf  timer_stopClock                
00002967  timer_stopTimer                
000028ed  timer_waitMicros               
000028b9  timer_waitMillis               
00002ddd  vsnprintf                      


GLOBAL SYMBOLS: SORTED BY Symbol Address 

address   name                           
-------   ----                           
00000000  __TI_static_base__             
00000000  g_pfnVectors                   
00000800  __STACK_SIZE                   
00000ab1  __TI_printfi                   
000013ab  __mpu_init                     
000013ad  pow                            
000013ad  powl                           
00001d59  TIMER3B_Handler                
00001d8f  timer3_init                    
00001e11  ping_init                      
00001e45  send_pulse                     
00001e9f  ping_read                      
00001f19  time2dist                      
00001f4b  main                           
000020b1  lcd_init                       
00002171  lcd_putc                       
000021a9  lcd_puts                       
000021c7  lcd_sendCommand                
00002205  lcd_sendNibble                 
00002249  lcd_gotoLine                   
00002271  lcd_setCursorPos               
000022af  lcd_printf                     
0000239d  __aeabi_uldivmod               
00002591  __aeabi_dsub                   
0000259b  __aeabi_dadd                   
00002747  _system_post_cinit             
00002749  sqrt                           
00002749  sqrtl                          
000028b9  timer_waitMillis               
000028ed  timer_waitMicros               
00002917  timer_startTimer               
00002967  timer_stopTimer                
0000297d  timer_startClock               
000029c9  timer_getClock                 
000029cf  timer_stopClock                
00002a11  __aeabi_ddiv                   
00002b47  __aeabi_dmul                   
00002c45  ldexp                          
00002c45  ldexpl                         
00002c45  scalbn                         
00002c45  scalbnl                        
00002d41  __aeabi_memcpy                 
00002d41  __aeabi_memcpy4                
00002d41  __aeabi_memcpy8                
00002d41  memcpy                         
00002ddd  vsnprintf                      
00002e65  __aeabi_cdcmpeq                
00002e65  __aeabi_cdcmple                
00002eeb  __aeabi_cdrcmple               
00002f71  __aeabi_memclr                 
00002f71  __aeabi_memclr4                
00002f71  __aeabi_memclr8                
00002f73  __aeabi_memset                 
00002f73  __aeabi_memset4                
00002f73  __aeabi_memset8                
00002f79  memset                         
00002fed  __TI_auto_init                 
0000305d  __TI_decompress_lzss           
000030c5  frexp                          
000030c5  frexpl                         
00003129  _c_int00                       
0000317d  C$$EXIT                        
00003181  abort                          
00003189  exit                           
000031d1  ltoa                           
00003225  atoi                           
00003271  copy_in                        
000032bd  __aeabi_d2iz                   
00003305  IntRegister                    
00003339  __aeabi_i2d                    
00003367  memccpy                        
00003385  _args_main                     
0000339d  strcmp                         
000033b5  strchr                         
000033cd  _register_unlock               
000033d3  _register_lock                 
000033db  _nop                           
000033e1  copysign                       
000033e1  copysignl                      
000033f5  strcpy                         
00003409  strlen                         
0000341d  IntMasterEnable                
0000342d  lcd_clear                      
0000343d  __TI_decompress_none           
0000344b  CPUcpsie                       
00003457  __TI_zero_init                 
00003463  ResetISR                       
0000346f  _system_pre_init               
00003478  _ctypes_                       
000035cc  __TI_Handler_Table_Base        
000035d8  __TI_Handler_Table_Limit       
000035e8  __TI_CINIT_Base                
00003600  __TI_CINIT_Limit               
20000000  g_pfnRAMVectors                
2000026c  __stack                        
2000046c  __STACK_TOP                    
20000a6c  __STACK_END                    
20000ac4  event_time                     
20000ac8  last_event_time                
20000ad0  falling_time                   
20000ad4  rising_time                    
20000ad8  __TI_cleanup_ptr               
20000adc  __TI_dtors_ptr                 
20000ae0  __TI_enable_exit_profile_output
20000ae4  edge                           
20000ae8  overflows                      
20000aec  interrupt_occurred             
20000af0  _lock                          
20000af4  _unlock                        
20000af8  errno                          
20000afc  main_func_sp                   
ffffffff  __TI_pprof_out_hndl            
ffffffff  __TI_prof_data_size            
ffffffff  __TI_prof_data_start           
ffffffff  __binit__                      
ffffffff  __c_args__                     
ffffffff  binit                          
UNDEFED   SHT$$INIT_ARRAY$$Base          
UNDEFED   SHT$$INIT_ARRAY$$Limit         

[119 symbols]
