<?xml version="1.0"?>
<link_info>
   <banner>TI ARM Linker PC v16.9.4.LTS</banner>
   <copyright>Copyright (c) 1996-2017 Texas Instruments Incorporated</copyright>
   <link_time>0x5ad6211c</link_time>
   <link_errors>0x0</link_errors>
   <output_file>project.out</output_file>
   <entry_point>
      <name>_c_int00</name>
      <address>0x5ec1</address>
   </entry_point>
   <input_file_list>
      <input_file id="fl-2">
         <path>.\</path>
         <kind>object</kind>
         <file>Timer.obj</file>
         <name>Timer.obj</name>
      </input_file>
      <input_file id="fl-3">
         <path>.\</path>
         <kind>object</kind>
         <file>detect.obj</file>
         <name>detect.obj</name>
      </input_file>
      <input_file id="fl-4">
         <path>.\</path>
         <kind>object</kind>
         <file>distance.obj</file>
         <name>distance.obj</name>
      </input_file>
      <input_file id="fl-5">
         <path>.\</path>
         <kind>object</kind>
         <file>lcd.obj</file>
         <name>lcd.obj</name>
      </input_file>
      <input_file id="fl-6">
         <path>.\</path>
         <kind>object</kind>
         <file>movement.obj</file>
         <name>movement.obj</name>
      </input_file>
      <input_file id="fl-7">
         <path>.\</path>
         <kind>object</kind>
         <file>open_interface.obj</file>
         <name>open_interface.obj</name>
      </input_file>
      <input_file id="fl-8">
         <path>.\</path>
         <kind>object</kind>
         <file>ping.obj</file>
         <name>ping.obj</name>
      </input_file>
      <input_file id="fl-9">
         <path>.\</path>
         <kind>object</kind>
         <file>pwm.obj</file>
         <name>pwm.obj</name>
      </input_file>
      <input_file id="fl-a">
         <path>.\</path>
         <kind>object</kind>
         <file>tm4c123gh6pm_startup_ccs.obj</file>
         <name>tm4c123gh6pm_startup_ccs.obj</name>
      </input_file>
      <input_file id="fl-b">
         <path>.\</path>
         <kind>object</kind>
         <file>uart.obj</file>
         <name>uart.obj</name>
      </input_file>
      <input_file id="fl-c">
         <path>.\</path>
         <kind>object</kind>
         <file>ui.obj</file>
         <name>ui.obj</name>
      </input_file>
      <input_file id="fl-11">
         <kind>object</kind>
         <file>&lt;internal&gt;</file>
         <name>&lt;internal&gt;</name>
      </input_file>
      <input_file id="fl-c7">
         <path>C:\ti\ccsv7\tools\compiler\ti-cgt-arm_16.9.4.LTS\lib\</path>
         <kind>archive</kind>
         <file>rtsv7M4_T_le_v4SPD16_eabi.lib</file>
         <name>boot.obj</name>
      </input_file>
      <input_file id="fl-c8">
         <path>C:\ti\ccsv7\tools\compiler\ti-cgt-arm_16.9.4.LTS\lib\</path>
         <kind>archive</kind>
         <file>rtsv7M4_T_le_v4SPD16_eabi.lib</file>
         <name>copy_decompress_lzss.obj</name>
      </input_file>
      <input_file id="fl-c9">
         <path>C:\ti\ccsv7\tools\compiler\ti-cgt-arm_16.9.4.LTS\lib\</path>
         <kind>archive</kind>
         <file>rtsv7M4_T_le_v4SPD16_eabi.lib</file>
         <name>copy_decompress_none.obj</name>
      </input_file>
      <input_file id="fl-ca">
         <path>C:\ti\ccsv7\tools\compiler\ti-cgt-arm_16.9.4.LTS\lib\</path>
         <kind>archive</kind>
         <file>rtsv7M4_T_le_v4SPD16_eabi.lib</file>
         <name>copy_zero_init.obj</name>
      </input_file>
      <input_file id="fl-cb">
         <path>C:\ti\ccsv7\tools\compiler\ti-cgt-arm_16.9.4.LTS\lib\</path>
         <kind>archive</kind>
         <file>rtsv7M4_T_le_v4SPD16_eabi.lib</file>
         <name>e_pow.obj</name>
      </input_file>
      <input_file id="fl-cc">
         <path>C:\ti\ccsv7\tools\compiler\ti-cgt-arm_16.9.4.LTS\lib\</path>
         <kind>archive</kind>
         <file>rtsv7M4_T_le_v4SPD16_eabi.lib</file>
         <name>e_sqrt.obj</name>
      </input_file>
      <input_file id="fl-cd">
         <path>C:\ti\ccsv7\tools\compiler\ti-cgt-arm_16.9.4.LTS\lib\</path>
         <kind>archive</kind>
         <file>rtsv7M4_T_le_v4SPD16_eabi.lib</file>
         <name>errno.obj</name>
      </input_file>
      <input_file id="fl-ce">
         <path>C:\ti\ccsv7\tools\compiler\ti-cgt-arm_16.9.4.LTS\lib\</path>
         <kind>archive</kind>
         <file>rtsv7M4_T_le_v4SPD16_eabi.lib</file>
         <name>exit.obj</name>
      </input_file>
      <input_file id="fl-cf">
         <path>C:\ti\ccsv7\tools\compiler\ti-cgt-arm_16.9.4.LTS\lib\</path>
         <kind>archive</kind>
         <file>rtsv7M4_T_le_v4SPD16_eabi.lib</file>
         <name>fd_add_t2.obj</name>
      </input_file>
      <input_file id="fl-d0">
         <path>C:\ti\ccsv7\tools\compiler\ti-cgt-arm_16.9.4.LTS\lib\</path>
         <kind>archive</kind>
         <file>rtsv7M4_T_le_v4SPD16_eabi.lib</file>
         <name>fd_cmp_t2.obj</name>
      </input_file>
      <input_file id="fl-d1">
         <path>C:\ti\ccsv7\tools\compiler\ti-cgt-arm_16.9.4.LTS\lib\</path>
         <kind>archive</kind>
         <file>rtsv7M4_T_le_v4SPD16_eabi.lib</file>
         <name>fd_div_t2.obj</name>
      </input_file>
      <input_file id="fl-d2">
         <path>C:\ti\ccsv7\tools\compiler\ti-cgt-arm_16.9.4.LTS\lib\</path>
         <kind>archive</kind>
         <file>rtsv7M4_T_le_v4SPD16_eabi.lib</file>
         <name>fd_mul_t2.obj</name>
      </input_file>
      <input_file id="fl-d3">
         <path>C:\ti\ccsv7\tools\compiler\ti-cgt-arm_16.9.4.LTS\lib\</path>
         <kind>archive</kind>
         <file>rtsv7M4_T_le_v4SPD16_eabi.lib</file>
         <name>fd_toi_t2.obj</name>
      </input_file>
      <input_file id="fl-d4">
         <path>C:\ti\ccsv7\tools\compiler\ti-cgt-arm_16.9.4.LTS\lib\</path>
         <kind>archive</kind>
         <file>rtsv7M4_T_le_v4SPD16_eabi.lib</file>
         <name>fd_tos_t2.obj</name>
      </input_file>
      <input_file id="fl-d5">
         <path>C:\ti\ccsv7\tools\compiler\ti-cgt-arm_16.9.4.LTS\lib\</path>
         <kind>archive</kind>
         <file>rtsv7M4_T_le_v4SPD16_eabi.lib</file>
         <name>fs_tod_t2.obj</name>
      </input_file>
      <input_file id="fl-d6">
         <path>C:\ti\ccsv7\tools\compiler\ti-cgt-arm_16.9.4.LTS\lib\</path>
         <kind>archive</kind>
         <file>rtsv7M4_T_le_v4SPD16_eabi.lib</file>
         <name>i_tofd_t2.obj</name>
      </input_file>
      <input_file id="fl-d7">
         <path>C:\ti\ccsv7\tools\compiler\ti-cgt-arm_16.9.4.LTS\lib\</path>
         <kind>archive</kind>
         <file>rtsv7M4_T_le_v4SPD16_eabi.lib</file>
         <name>memcpy_t2.obj</name>
      </input_file>
      <input_file id="fl-d8">
         <path>C:\ti\ccsv7\tools\compiler\ti-cgt-arm_16.9.4.LTS\lib\</path>
         <kind>archive</kind>
         <file>rtsv7M4_T_le_v4SPD16_eabi.lib</file>
         <name>memory.obj</name>
      </input_file>
      <input_file id="fl-d9">
         <path>C:\ti\ccsv7\tools\compiler\ti-cgt-arm_16.9.4.LTS\lib\</path>
         <kind>archive</kind>
         <file>rtsv7M4_T_le_v4SPD16_eabi.lib</file>
         <name>memset_t2.obj</name>
      </input_file>
      <input_file id="fl-da">
         <path>C:\ti\ccsv7\tools\compiler\ti-cgt-arm_16.9.4.LTS\lib\</path>
         <kind>archive</kind>
         <file>rtsv7M4_T_le_v4SPD16_eabi.lib</file>
         <name>mpu_init.obj</name>
      </input_file>
      <input_file id="fl-db">
         <path>C:\ti\ccsv7\tools\compiler\ti-cgt-arm_16.9.4.LTS\lib\</path>
         <kind>archive</kind>
         <file>rtsv7M4_T_le_v4SPD16_eabi.lib</file>
         <name>pre_init.obj</name>
      </input_file>
      <input_file id="fl-dc">
         <path>C:\ti\ccsv7\tools\compiler\ti-cgt-arm_16.9.4.LTS\lib\</path>
         <kind>archive</kind>
         <file>rtsv7M4_T_le_v4SPD16_eabi.lib</file>
         <name>printf.obj</name>
      </input_file>
      <input_file id="fl-dd">
         <path>C:\ti\ccsv7\tools\compiler\ti-cgt-arm_16.9.4.LTS\lib\</path>
         <kind>archive</kind>
         <file>rtsv7M4_T_le_v4SPD16_eabi.lib</file>
         <name>s_scalbn.obj</name>
      </input_file>
      <input_file id="fl-de">
         <path>C:\ti\ccsv7\tools\compiler\ti-cgt-arm_16.9.4.LTS\lib\</path>
         <kind>archive</kind>
         <file>rtsv7M4_T_le_v4SPD16_eabi.lib</file>
         <name>s_tan.obj</name>
      </input_file>
      <input_file id="fl-df">
         <path>C:\ti\ccsv7\tools\compiler\ti-cgt-arm_16.9.4.LTS\lib\</path>
         <kind>archive</kind>
         <file>rtsv7M4_T_le_v4SPD16_eabi.lib</file>
         <name>sprintf.obj</name>
      </input_file>
      <input_file id="fl-e0">
         <path>C:\ti\ccsv7\tools\compiler\ti-cgt-arm_16.9.4.LTS\lib\</path>
         <kind>archive</kind>
         <file>rtsv7M4_T_le_v4SPD16_eabi.lib</file>
         <name>stkdepth_vars.obj</name>
      </input_file>
      <input_file id="fl-e1">
         <path>C:\ti\ccsv7\tools\compiler\ti-cgt-arm_16.9.4.LTS\lib\</path>
         <kind>archive</kind>
         <file>rtsv7M4_T_le_v4SPD16_eabi.lib</file>
         <name>strcmp.obj</name>
      </input_file>
      <input_file id="fl-e2">
         <path>C:\ti\ccsv7\tools\compiler\ti-cgt-arm_16.9.4.LTS\lib\</path>
         <kind>archive</kind>
         <file>rtsv7M4_T_le_v4SPD16_eabi.lib</file>
         <name>strcpy.obj</name>
      </input_file>
      <input_file id="fl-e3">
         <path>C:\ti\ccsv7\tools\compiler\ti-cgt-arm_16.9.4.LTS\lib\</path>
         <kind>archive</kind>
         <file>rtsv7M4_T_le_v4SPD16_eabi.lib</file>
         <name>u_tofd_t2.obj</name>
      </input_file>
      <input_file id="fl-e4">
         <path>C:\ti\ccsv7\tools\compiler\ti-cgt-arm_16.9.4.LTS\lib\</path>
         <kind>archive</kind>
         <file>rtsv7M4_T_le_v4SPD16_eabi.lib</file>
         <name>vsnprintf.obj</name>
      </input_file>
      <input_file id="fl-e5">
         <path>C:\ti\ccsv7\tools\compiler\ti-cgt-arm_16.9.4.LTS\lib\</path>
         <kind>archive</kind>
         <file>rtsv7M4_T_le_v4SPD16_eabi.lib</file>
         <name>_lock.obj</name>
      </input_file>
      <input_file id="fl-e6">
         <path>C:\ti\ccsv7\tools\compiler\ti-cgt-arm_16.9.4.LTS\lib\</path>
         <kind>archive</kind>
         <file>rtsv7M4_T_le_v4SPD16_eabi.lib</file>
         <name>_printfi.obj</name>
      </input_file>
      <input_file id="fl-e7">
         <path>C:\ti\ccsv7\tools\compiler\ti-cgt-arm_16.9.4.LTS\lib\</path>
         <kind>archive</kind>
         <file>rtsv7M4_T_le_v4SPD16_eabi.lib</file>
         <name>args_main.obj</name>
      </input_file>
      <input_file id="fl-e8">
         <path>C:\ti\ccsv7\tools\compiler\ti-cgt-arm_16.9.4.LTS\lib\</path>
         <kind>archive</kind>
         <file>rtsv7M4_T_le_v4SPD16_eabi.lib</file>
         <name>atoi.obj</name>
      </input_file>
      <input_file id="fl-e9">
         <path>C:\ti\ccsv7\tools\compiler\ti-cgt-arm_16.9.4.LTS\lib\</path>
         <kind>archive</kind>
         <file>rtsv7M4_T_le_v4SPD16_eabi.lib</file>
         <name>autoinit.obj</name>
      </input_file>
      <input_file id="fl-ea">
         <path>C:\ti\ccsv7\tools\compiler\ti-cgt-arm_16.9.4.LTS\lib\</path>
         <kind>archive</kind>
         <file>rtsv7M4_T_le_v4SPD16_eabi.lib</file>
         <name>cpy_tbl.obj</name>
      </input_file>
      <input_file id="fl-eb">
         <path>C:\ti\ccsv7\tools\compiler\ti-cgt-arm_16.9.4.LTS\lib\</path>
         <kind>archive</kind>
         <file>rtsv7M4_T_le_v4SPD16_eabi.lib</file>
         <name>ctype.obj</name>
      </input_file>
      <input_file id="fl-ec">
         <path>C:\ti\ccsv7\tools\compiler\ti-cgt-arm_16.9.4.LTS\lib\</path>
         <kind>archive</kind>
         <file>rtsv7M4_T_le_v4SPD16_eabi.lib</file>
         <name>defs.obj</name>
      </input_file>
      <input_file id="fl-ed">
         <path>C:\ti\ccsv7\tools\compiler\ti-cgt-arm_16.9.4.LTS\lib\</path>
         <kind>archive</kind>
         <file>rtsv7M4_T_le_v4SPD16_eabi.lib</file>
         <name>fputc.obj</name>
      </input_file>
      <input_file id="fl-ee">
         <path>C:\ti\ccsv7\tools\compiler\ti-cgt-arm_16.9.4.LTS\lib\</path>
         <kind>archive</kind>
         <file>rtsv7M4_T_le_v4SPD16_eabi.lib</file>
         <name>fputs.obj</name>
      </input_file>
      <input_file id="fl-ef">
         <path>C:\ti\ccsv7\tools\compiler\ti-cgt-arm_16.9.4.LTS\lib\</path>
         <kind>archive</kind>
         <file>rtsv7M4_T_le_v4SPD16_eabi.lib</file>
         <name>k_rem_pio2.obj</name>
      </input_file>
      <input_file id="fl-f0">
         <path>C:\ti\ccsv7\tools\compiler\ti-cgt-arm_16.9.4.LTS\lib\</path>
         <kind>archive</kind>
         <file>rtsv7M4_T_le_v4SPD16_eabi.lib</file>
         <name>k_tan.obj</name>
      </input_file>
      <input_file id="fl-f1">
         <path>C:\ti\ccsv7\tools\compiler\ti-cgt-arm_16.9.4.LTS\lib\</path>
         <kind>archive</kind>
         <file>rtsv7M4_T_le_v4SPD16_eabi.lib</file>
         <name>ltoa.obj</name>
      </input_file>
      <input_file id="fl-f2">
         <path>C:\ti\ccsv7\tools\compiler\ti-cgt-arm_16.9.4.LTS\lib\</path>
         <kind>archive</kind>
         <file>rtsv7M4_T_le_v4SPD16_eabi.lib</file>
         <name>memccpy.obj</name>
      </input_file>
      <input_file id="fl-f3">
         <path>C:\ti\ccsv7\tools\compiler\ti-cgt-arm_16.9.4.LTS\lib\</path>
         <kind>archive</kind>
         <file>rtsv7M4_T_le_v4SPD16_eabi.lib</file>
         <name>memchr.obj</name>
      </input_file>
      <input_file id="fl-f4">
         <path>C:\ti\ccsv7\tools\compiler\ti-cgt-arm_16.9.4.LTS\lib\</path>
         <kind>archive</kind>
         <file>rtsv7M4_T_le_v4SPD16_eabi.lib</file>
         <name>s_copysign.obj</name>
      </input_file>
      <input_file id="fl-f5">
         <path>C:\ti\ccsv7\tools\compiler\ti-cgt-arm_16.9.4.LTS\lib\</path>
         <kind>archive</kind>
         <file>rtsv7M4_T_le_v4SPD16_eabi.lib</file>
         <name>s_floor.obj</name>
      </input_file>
      <input_file id="fl-f6">
         <path>C:\ti\ccsv7\tools\compiler\ti-cgt-arm_16.9.4.LTS\lib\</path>
         <kind>archive</kind>
         <file>rtsv7M4_T_le_v4SPD16_eabi.lib</file>
         <name>s_frexp.obj</name>
      </input_file>
      <input_file id="fl-f7">
         <path>C:\ti\ccsv7\tools\compiler\ti-cgt-arm_16.9.4.LTS\lib\</path>
         <kind>archive</kind>
         <file>rtsv7M4_T_le_v4SPD16_eabi.lib</file>
         <name>startup.obj</name>
      </input_file>
      <input_file id="fl-f8">
         <path>C:\ti\ccsv7\tools\compiler\ti-cgt-arm_16.9.4.LTS\lib\</path>
         <kind>archive</kind>
         <file>rtsv7M4_T_le_v4SPD16_eabi.lib</file>
         <name>strchr.obj</name>
      </input_file>
      <input_file id="fl-f9">
         <path>C:\ti\ccsv7\tools\compiler\ti-cgt-arm_16.9.4.LTS\lib\</path>
         <kind>archive</kind>
         <file>rtsv7M4_T_le_v4SPD16_eabi.lib</file>
         <name>strlen.obj</name>
      </input_file>
      <input_file id="fl-fa">
         <path>C:\ti\ccsv7\tools\compiler\ti-cgt-arm_16.9.4.LTS\lib\</path>
         <kind>archive</kind>
         <file>rtsv7M4_T_le_v4SPD16_eabi.lib</file>
         <name>ull_div_t2.obj</name>
      </input_file>
      <input_file id="fl-fb">
         <path>C:\ti\ccsv7\tools\compiler\ti-cgt-arm_16.9.4.LTS\lib\</path>
         <kind>archive</kind>
         <file>rtsv7M4_T_le_v4SPD16_eabi.lib</file>
         <name>write.obj</name>
      </input_file>
      <input_file id="fl-fc">
         <path>C:\ti\ccsv7\tools\compiler\ti-cgt-arm_16.9.4.LTS\lib\</path>
         <kind>archive</kind>
         <file>rtsv7M4_T_le_v4SPD16_eabi.lib</file>
         <name>_io_perm.obj</name>
      </input_file>
      <input_file id="fl-fd">
         <path>C:\ti\ccsv7\tools\compiler\ti-cgt-arm_16.9.4.LTS\lib\</path>
         <kind>archive</kind>
         <file>rtsv7M4_T_le_v4SPD16_eabi.lib</file>
         <name>fflush.obj</name>
      </input_file>
      <input_file id="fl-fe">
         <path>C:\ti\ccsv7\tools\compiler\ti-cgt-arm_16.9.4.LTS\lib\</path>
         <kind>archive</kind>
         <file>rtsv7M4_T_le_v4SPD16_eabi.lib</file>
         <name>fseek.obj</name>
      </input_file>
      <input_file id="fl-ff">
         <path>C:\ti\ccsv7\tools\compiler\ti-cgt-arm_16.9.4.LTS\lib\</path>
         <kind>archive</kind>
         <file>rtsv7M4_T_le_v4SPD16_eabi.lib</file>
         <name>hostclose.obj</name>
      </input_file>
      <input_file id="fl-100">
         <path>C:\ti\ccsv7\tools\compiler\ti-cgt-arm_16.9.4.LTS\lib\</path>
         <kind>archive</kind>
         <file>rtsv7M4_T_le_v4SPD16_eabi.lib</file>
         <name>hostlseek.obj</name>
      </input_file>
      <input_file id="fl-101">
         <path>C:\ti\ccsv7\tools\compiler\ti-cgt-arm_16.9.4.LTS\lib\</path>
         <kind>archive</kind>
         <file>rtsv7M4_T_le_v4SPD16_eabi.lib</file>
         <name>hostopen.obj</name>
      </input_file>
      <input_file id="fl-102">
         <path>C:\ti\ccsv7\tools\compiler\ti-cgt-arm_16.9.4.LTS\lib\</path>
         <kind>archive</kind>
         <file>rtsv7M4_T_le_v4SPD16_eabi.lib</file>
         <name>hostread.obj</name>
      </input_file>
      <input_file id="fl-103">
         <path>C:\ti\ccsv7\tools\compiler\ti-cgt-arm_16.9.4.LTS\lib\</path>
         <kind>archive</kind>
         <file>rtsv7M4_T_le_v4SPD16_eabi.lib</file>
         <name>hostrename.obj</name>
      </input_file>
      <input_file id="fl-104">
         <path>C:\ti\ccsv7\tools\compiler\ti-cgt-arm_16.9.4.LTS\lib\</path>
         <kind>archive</kind>
         <file>rtsv7M4_T_le_v4SPD16_eabi.lib</file>
         <name>hostunlink.obj</name>
      </input_file>
      <input_file id="fl-105">
         <path>C:\ti\ccsv7\tools\compiler\ti-cgt-arm_16.9.4.LTS\lib\</path>
         <kind>archive</kind>
         <file>rtsv7M4_T_le_v4SPD16_eabi.lib</file>
         <name>hostwrite.obj</name>
      </input_file>
      <input_file id="fl-106">
         <path>C:\ti\ccsv7\tools\compiler\ti-cgt-arm_16.9.4.LTS\lib\</path>
         <kind>archive</kind>
         <file>rtsv7M4_T_le_v4SPD16_eabi.lib</file>
         <name>lseek.obj</name>
      </input_file>
      <input_file id="fl-107">
         <path>C:\ti\ccsv7\tools\compiler\ti-cgt-arm_16.9.4.LTS\lib\</path>
         <kind>archive</kind>
         <file>rtsv7M4_T_le_v4SPD16_eabi.lib</file>
         <name>setvbuf.obj</name>
      </input_file>
      <input_file id="fl-108">
         <path>C:\ti\ccsv7\tools\compiler\ti-cgt-arm_16.9.4.LTS\lib\</path>
         <kind>archive</kind>
         <file>rtsv7M4_T_le_v4SPD16_eabi.lib</file>
         <name>trgmsg.obj</name>
      </input_file>
      <input_file id="fl-109">
         <path>C:\ti\ccsv7\tools\compiler\ti-cgt-arm_16.9.4.LTS\lib\</path>
         <kind>archive</kind>
         <file>rtsv7M4_T_le_v4SPD16_eabi.lib</file>
         <name>fopen.obj</name>
      </input_file>
      <input_file id="fl-10a">
         <path>C:\ti\ccsv7\tools\compiler\ti-cgt-arm_16.9.4.LTS\lib\</path>
         <kind>archive</kind>
         <file>rtsv7M4_T_le_v4SPD16_eabi.lib</file>
         <name>open.obj</name>
      </input_file>
      <input_file id="fl-10b">
         <path>C:\ti\ccsv7\tools\compiler\ti-cgt-arm_16.9.4.LTS\lib\</path>
         <kind>archive</kind>
         <file>rtsv7M4_T_le_v4SPD16_eabi.lib</file>
         <name>fclose.obj</name>
      </input_file>
      <input_file id="fl-10c">
         <path>C:\ti\ccsv7\tools\compiler\ti-cgt-arm_16.9.4.LTS\lib\</path>
         <kind>archive</kind>
         <file>rtsv7M4_T_le_v4SPD16_eabi.lib</file>
         <name>getdevice.obj</name>
      </input_file>
      <input_file id="fl-10d">
         <path>C:\ti\ccsv7\tools\compiler\ti-cgt-arm_16.9.4.LTS\lib\</path>
         <kind>archive</kind>
         <file>rtsv7M4_T_le_v4SPD16_eabi.lib</file>
         <name>remove.obj</name>
      </input_file>
      <input_file id="fl-10e">
         <path>C:\ti\ccsv7\tools\compiler\ti-cgt-arm_16.9.4.LTS\lib\</path>
         <kind>archive</kind>
         <file>rtsv7M4_T_le_v4SPD16_eabi.lib</file>
         <name>strncpy.obj</name>
      </input_file>
      <input_file id="fl-10f">
         <path>C:\ti\ccsv7\tools\compiler\ti-cgt-arm_16.9.4.LTS\lib\</path>
         <kind>archive</kind>
         <file>rtsv7M4_T_le_v4SPD16_eabi.lib</file>
         <name>unlink.obj</name>
      </input_file>
      <input_file id="fl-110">
         <path>C:\ti\ccsv7\tools\compiler\ti-cgt-arm_16.9.4.LTS\lib\</path>
         <kind>archive</kind>
         <file>rtsv7M4_T_le_v4SPD16_eabi.lib</file>
         <name>close.obj</name>
      </input_file>
      <input_file id="fl-111">
         <path>C:\ti\TivaWare_C_Series-2.1.2.111\driverlib\ccs\Debug\</path>
         <kind>archive</kind>
         <file>driverlib.lib</file>
         <name>interrupt.obj</name>
      </input_file>
      <input_file id="fl-112">
         <path>C:\ti\TivaWare_C_Series-2.1.2.111\driverlib\ccs\Debug\</path>
         <kind>archive</kind>
         <file>driverlib.lib</file>
         <name>cpu.obj</name>
      </input_file>
   </input_file_list>
   <object_component_list>
      <object_component id="oc-f">
         <name>.intvecs</name>
         <load_address>0x0</load_address>
         <run_address>0x0</run_address>
         <size>0x26c</size>
         <input_file_ref idref="fl-a"/>
      </object_component>
      <object_component id="oc-17e">
         <name>.text</name>
         <load_address>0x26c</load_address>
         <run_address>0x26c</run_address>
         <size>0x113e</size>
         <input_file_ref idref="fl-e6"/>
      </object_component>
      <object_component id="oc-5a">
         <name>.text</name>
         <load_address>0x13aa</load_address>
         <run_address>0x13aa</run_address>
         <size>0x2</size>
         <input_file_ref idref="fl-da"/>
      </object_component>
      <object_component id="oc-f0">
         <name>.text</name>
         <load_address>0x13ac</load_address>
         <run_address>0x13ac</run_address>
         <size>0xa84</size>
         <input_file_ref idref="fl-7"/>
      </object_component>
      <object_component id="oc-1c8">
         <name>.text</name>
         <load_address>0x1e30</load_address>
         <run_address>0x1e30</run_address>
         <size>0x9ac</size>
         <input_file_ref idref="fl-cb"/>
      </object_component>
      <object_component id="oc-1e6">
         <name>.text</name>
         <load_address>0x27dc</load_address>
         <run_address>0x27dc</run_address>
         <size>0x738</size>
         <input_file_ref idref="fl-ef"/>
      </object_component>
      <object_component id="oc-ae">
         <name>.text</name>
         <load_address>0x2f14</load_address>
         <run_address>0x2f14</run_address>
         <size>0x6c0</size>
         <input_file_ref idref="fl-c"/>
      </object_component>
      <object_component id="oc-147">
         <name>.text</name>
         <load_address>0x35d4</load_address>
         <run_address>0x35d4</run_address>
         <size>0x508</size>
         <input_file_ref idref="fl-de"/>
      </object_component>
      <object_component id="oc-e4">
         <name>.text</name>
         <load_address>0x3adc</load_address>
         <run_address>0x3adc</run_address>
         <size>0x45c</size>
         <input_file_ref idref="fl-6"/>
      </object_component>
      <object_component id="oc-18b">
         <name>.text</name>
         <load_address>0x3f38</load_address>
         <run_address>0x3f38</run_address>
         <size>0x3d0</size>
         <input_file_ref idref="fl-d8"/>
      </object_component>
      <object_component id="oc-1ec">
         <name>.text</name>
         <load_address>0x4308</load_address>
         <run_address>0x4308</run_address>
         <size>0x320</size>
         <input_file_ref idref="fl-f0"/>
      </object_component>
      <object_component id="oc-152">
         <name>.text</name>
         <load_address>0x4628</load_address>
         <run_address>0x4628</run_address>
         <size>0x2ec</size>
         <input_file_ref idref="fl-5"/>
      </object_component>
      <object_component id="oc-114">
         <name>.text</name>
         <load_address>0x4914</load_address>
         <run_address>0x4914</run_address>
         <size>0x284</size>
         <input_file_ref idref="fl-8"/>
      </object_component>
      <object_component id="oc-21c">
         <name>.text</name>
         <load_address>0x4b98</load_address>
         <run_address>0x4b98</run_address>
         <size>0x1f4</size>
         <input_file_ref idref="fl-fa"/>
      </object_component>
      <object_component id="oc-133">
         <name>.text</name>
         <load_address>0x4d8c</load_address>
         <run_address>0x4d8c</run_address>
         <size>0x1b6</size>
         <input_file_ref idref="fl-cf"/>
      </object_component>
      <object_component id="oc-a6">
         <name>.text</name>
         <load_address>0x4f42</load_address>
         <run_address>0x4f42</run_address>
         <size>0x2</size>
         <input_file_ref idref="fl-f7"/>
      </object_component>
      <object_component id="oc-27c">
         <name>.text</name>
         <load_address>0x4f44</load_address>
         <run_address>0x4f44</run_address>
         <size>0x170</size>
         <input_file_ref idref="fl-cc"/>
      </object_component>
      <object_component id="oc-108">
         <name>.text</name>
         <load_address>0x50b4</load_address>
         <run_address>0x50b4</run_address>
         <size>0x164</size>
         <input_file_ref idref="fl-9"/>
      </object_component>
      <object_component id="oc-f6">
         <name>.text</name>
         <load_address>0x5218</load_address>
         <run_address>0x5218</run_address>
         <size>0x158</size>
         <input_file_ref idref="fl-2"/>
      </object_component>
      <object_component id="oc-10e">
         <name>.text</name>
         <load_address>0x5370</load_address>
         <run_address>0x5370</run_address>
         <size>0x154</size>
         <input_file_ref idref="fl-4"/>
      </object_component>
      <object_component id="oc-13d">
         <name>.text</name>
         <load_address>0x54c4</load_address>
         <run_address>0x54c4</run_address>
         <size>0x136</size>
         <input_file_ref idref="fl-d1"/>
      </object_component>
      <object_component id="oc-de">
         <name>.text</name>
         <load_address>0x55fc</load_address>
         <run_address>0x55fc</run_address>
         <size>0x11c</size>
         <input_file_ref idref="fl-b"/>
      </object_component>
      <object_component id="oc-142">
         <name>.text</name>
         <load_address>0x5718</load_address>
         <run_address>0x5718</run_address>
         <size>0xfc</size>
         <input_file_ref idref="fl-d2"/>
      </object_component>
      <object_component id="oc-233">
         <name>.text</name>
         <load_address>0x5814</load_address>
         <run_address>0x5814</run_address>
         <size>0xfc</size>
         <input_file_ref idref="fl-dd"/>
      </object_component>
      <object_component id="oc-290">
         <name>.text</name>
         <load_address>0x5910</load_address>
         <run_address>0x5910</run_address>
         <size>0xf8</size>
         <input_file_ref idref="fl-f5"/>
      </object_component>
      <object_component id="oc-42">
         <name>.text</name>
         <load_address>0x5a08</load_address>
         <run_address>0x5a08</run_address>
         <size>0x9c</size>
         <input_file_ref idref="fl-d7"/>
      </object_component>
      <object_component id="oc-204">
         <name>.text</name>
         <load_address>0x5aa4</load_address>
         <run_address>0x5aa4</run_address>
         <size>0x88</size>
         <input_file_ref idref="fl-e4"/>
      </object_component>
      <object_component id="oc-124">
         <name>.text:__aeabi_cdcmple</name>
         <load_address>0x5b2c</load_address>
         <run_address>0x5b2c</run_address>
         <size>0x86</size>
         <input_file_ref idref="fl-d0"/>
      </object_component>
      <object_component id="oc-129">
         <name>.text:__aeabi_cdrcmple</name>
         <load_address>0x5bb2</load_address>
         <run_address>0x5bb2</run_address>
         <size>0x86</size>
         <input_file_ref idref="fl-d0"/>
      </object_component>
      <object_component id="oc-4e">
         <name>.text</name>
         <load_address>0x5c38</load_address>
         <run_address>0x5c38</run_address>
         <size>0x7a</size>
         <input_file_ref idref="fl-d9"/>
      </object_component>
      <object_component id="oc-66">
         <name>.text</name>
         <load_address>0x5cb4</load_address>
         <run_address>0x5cb4</run_address>
         <size>0x70</size>
         <input_file_ref idref="fl-e9"/>
      </object_component>
      <object_component id="oc-138">
         <name>.text</name>
         <load_address>0x5d24</load_address>
         <run_address>0x5d24</run_address>
         <size>0x6e</size>
         <input_file_ref idref="fl-d4"/>
      </object_component>
      <object_component id="oc-12">
         <name>.text:decompress:lzss</name>
         <load_address>0x5d92</load_address>
         <run_address>0x5d92</run_address>
         <size>0x68</size>
         <input_file_ref idref="fl-c8"/>
      </object_component>
      <object_component id="oc-22d">
         <name>.text</name>
         <load_address>0x5dfc</load_address>
         <run_address>0x5dfc</run_address>
         <size>0x64</size>
         <input_file_ref idref="fl-f6"/>
      </object_component>
      <object_component id="oc-ea">
         <name>.text</name>
         <load_address>0x5e60</load_address>
         <run_address>0x5e60</run_address>
         <size>0x60</size>
         <input_file_ref idref="fl-df"/>
      </object_component>
      <object_component id="oc-24">
         <name>.text</name>
         <load_address>0x5ec0</load_address>
         <run_address>0x5ec0</run_address>
         <size>0x54</size>
         <input_file_ref idref="fl-c7"/>
      </object_component>
      <object_component id="oc-72">
         <name>.text</name>
         <load_address>0x5f14</load_address>
         <run_address>0x5f14</run_address>
         <size>0x54</size>
         <input_file_ref idref="fl-ce"/>
      </object_component>
      <object_component id="oc-227">
         <name>.text</name>
         <load_address>0x5f68</load_address>
         <run_address>0x5f68</run_address>
         <size>0x54</size>
         <input_file_ref idref="fl-f1"/>
      </object_component>
      <object_component id="oc-23f">
         <name>.text</name>
         <load_address>0x5fbc</load_address>
         <run_address>0x5fbc</run_address>
         <size>0x4c</size>
         <input_file_ref idref="fl-e8"/>
      </object_component>
      <object_component id="oc-a0">
         <name>.text</name>
         <load_address>0x6008</load_address>
         <run_address>0x6008</run_address>
         <size>0x4c</size>
         <input_file_ref idref="fl-ea"/>
      </object_component>
      <object_component id="oc-11f">
         <name>.text</name>
         <load_address>0x6054</load_address>
         <run_address>0x6054</run_address>
         <size>0x48</size>
         <input_file_ref idref="fl-d3"/>
      </object_component>
      <object_component id="oc-12e">
         <name>.text</name>
         <load_address>0x609c</load_address>
         <run_address>0x609c</run_address>
         <size>0x38</size>
         <input_file_ref idref="fl-d5"/>
      </object_component>
      <object_component id="oc-19e">
         <name>.text:IntRegister</name>
         <load_address>0x60d4</load_address>
         <run_address>0x60d4</run_address>
         <size>0x34</size>
         <input_file_ref idref="fl-111"/>
      </object_component>
      <object_component id="oc-11a">
         <name>.text</name>
         <load_address>0x6108</load_address>
         <run_address>0x6108</run_address>
         <size>0x2e</size>
         <input_file_ref idref="fl-d6"/>
      </object_component>
      <object_component id="oc-14d">
         <name>.text</name>
         <load_address>0x6136</load_address>
         <run_address>0x6136</run_address>
         <size>0x20</size>
         <input_file_ref idref="fl-e3"/>
      </object_component>
      <object_component id="oc-245">
         <name>.text</name>
         <load_address>0x6156</load_address>
         <run_address>0x6156</run_address>
         <size>0x1c</size>
         <input_file_ref idref="fl-f2"/>
      </object_component>
      <object_component id="oc-191">
         <name>.text:oi_parseInt</name>
         <load_address>0x6172</load_address>
         <run_address>0x6172</run_address>
         <size>0x18</size>
         <input_file_ref idref="fl-7"/>
      </object_component>
      <object_component id="oc-6c">
         <name>.text</name>
         <load_address>0x618c</load_address>
         <run_address>0x618c</run_address>
         <size>0x18</size>
         <input_file_ref idref="fl-e7"/>
      </object_component>
      <object_component id="oc-198">
         <name>.text</name>
         <load_address>0x61a4</load_address>
         <run_address>0x61a4</run_address>
         <size>0x18</size>
         <input_file_ref idref="fl-e1"/>
      </object_component>
      <object_component id="oc-239">
         <name>.text</name>
         <load_address>0x61bc</load_address>
         <run_address>0x61bc</run_address>
         <size>0x16</size>
         <input_file_ref idref="fl-f8"/>
      </object_component>
      <object_component id="oc-162">
         <name>.text</name>
         <load_address>0x61d4</load_address>
         <run_address>0x61d4</run_address>
         <size>0x14</size>
         <input_file_ref idref="fl-e5"/>
      </object_component>
      <object_component id="oc-2bc">
         <name>.text</name>
         <load_address>0x61e8</load_address>
         <run_address>0x61e8</run_address>
         <size>0x14</size>
         <input_file_ref idref="fl-f4"/>
      </object_component>
      <object_component id="oc-20a">
         <name>.text</name>
         <load_address>0x61fc</load_address>
         <run_address>0x61fc</run_address>
         <size>0x14</size>
         <input_file_ref idref="fl-e2"/>
      </object_component>
      <object_component id="oc-221">
         <name>.text</name>
         <load_address>0x6210</load_address>
         <run_address>0x6210</run_address>
         <size>0x14</size>
         <input_file_ref idref="fl-f9"/>
      </object_component>
      <object_component id="oc-1a4">
         <name>.text:IntMasterEnable</name>
         <load_address>0x6224</load_address>
         <run_address>0x6224</run_address>
         <size>0x10</size>
         <input_file_ref idref="fl-111"/>
      </object_component>
      <object_component id="oc-1fd">
         <name>.text:lcd_clear</name>
         <load_address>0x6234</load_address>
         <run_address>0x6234</run_address>
         <size>0x10</size>
         <input_file_ref idref="fl-5"/>
      </object_component>
      <object_component id="oc-18">
         <name>.text:decompress:none</name>
         <load_address>0x6244</load_address>
         <run_address>0x6244</run_address>
         <size>0xe</size>
         <input_file_ref idref="fl-c9"/>
      </object_component>
      <object_component id="oc-26a">
         <name>.text:CPUcpsie</name>
         <load_address>0x6252</load_address>
         <run_address>0x6252</run_address>
         <size>0xc</size>
         <input_file_ref idref="fl-112"/>
      </object_component>
      <object_component id="oc-1e">
         <name>.text:decompress:ZI</name>
         <load_address>0x625e</load_address>
         <run_address>0x625e</run_address>
         <size>0xc</size>
         <input_file_ref idref="fl-ca"/>
      </object_component>
      <object_component id="oc-2e">
         <name>.text</name>
         <load_address>0x626a</load_address>
         <run_address>0x626a</run_address>
         <size>0xc</size>
         <input_file_ref idref="fl-a"/>
      </object_component>
      <object_component id="oc-60">
         <name>.text</name>
         <load_address>0x6276</load_address>
         <run_address>0x6276</run_address>
         <size>0x4</size>
         <input_file_ref idref="fl-db"/>
      </object_component>
      <object_component id="oc-296">
         <name>.const:$O1$$</name>
         <load_address>0x6280</load_address>
         <run_address>0x6280</run_address>
         <size>0x158</size>
         <input_file_ref idref="fl-ef"/>
      </object_component>
      <object_component id="oc-2c6">
         <name>.const:.string:_ctypes_</name>
         <load_address>0x63d8</load_address>
         <run_address>0x63d8</run_address>
         <size>0x101</size>
         <input_file_ref idref="fl-eb"/>
      </object_component>
      <object_component id="oc-210">
         <name>.const:.string:lineAddress$1</name>
         <load_address>0x64d9</load_address>
         <run_address>0x64d9</run_address>
         <size>0x4</size>
         <input_file_ref idref="fl-5"/>
      </object_component>
      <object_component id="oc-2a1">
         <name>.const:xxx</name>
         <load_address>0x64e0</load_address>
         <run_address>0x64e0</run_address>
         <size>0x80</size>
         <input_file_ref idref="fl-f0"/>
      </object_component>
      <object_component id="oc-282">
         <name>.const:$O1$$</name>
         <load_address>0x6560</load_address>
         <run_address>0x6560</run_address>
         <size>0x30</size>
         <input_file_ref idref="fl-cb"/>
      </object_component>
      <object_component id="oc-102">
         <name>.const:.string:$P$T0$1</name>
         <load_address>0x6590</load_address>
         <run_address>0x6590</run_address>
         <size>0x29</size>
         <input_file_ref idref="fl-c"/>
      </object_component>
      <object_component id="oc-105">
         <name>.const:.string:$P$T1$2</name>
         <load_address>0x65b9</load_address>
         <run_address>0x65b9</run_address>
         <size>0x29</size>
         <input_file_ref idref="fl-c"/>
      </object_component>
      <object_component id="oc-1ab">
         <name>.const:.string:$P$T0$3</name>
         <load_address>0x65e2</load_address>
         <run_address>0x65e2</run_address>
         <size>0xf</size>
         <input_file_ref idref="fl-7"/>
      </object_component>
      <object_component id="oc-211">
         <name>.const:.string:lineAddresses$2</name>
         <load_address>0x65f1</load_address>
         <run_address>0x65f1</run_address>
         <size>0x4</size>
         <input_file_ref idref="fl-5"/>
      </object_component>
      <object_component id="oc-32d">
         <name>.cinit..data.load</name>
         <load_address>0x65f8</load_address>
         <run_address>0x65f8</run_address>
         <size>0x2a</size>
      </object_component>
      <object_component id="oc-32a">
         <name>__TI_handler_table</name>
         <load_address>0x6624</load_address>
         <run_address>0x6624</run_address>
         <size>0xc</size>
      </object_component>
      <object_component id="oc-32e">
         <name>.cinit..bss.load</name>
         <load_address>0x6630</load_address>
         <run_address>0x6630</run_address>
         <size>0x8</size>
      </object_component>
      <object_component id="oc-32c">
         <name>.cinit..vtable.load</name>
         <load_address>0x6638</load_address>
         <run_address>0x6638</run_address>
         <size>0x8</size>
      </object_component>
      <object_component id="oc-32b">
         <name>__TI_cinit_table</name>
         <load_address>0x6640</load_address>
         <run_address>0x6640</run_address>
         <size>0x18</size>
      </object_component>
      <object_component id="oc-265">
         <name>.vtable</name>
         <uninitialized>true</uninitialized>
         <run_address>0x20000000</run_address>
         <size>0x26c</size>
         <input_file_ref idref="fl-111"/>
      </object_component>
      <object_component id="oc-1aa">
         <name>.data</name>
         <load_address>0x20000f00</load_address>
         <run_address>0x20000f00</run_address>
         <size>0x10</size>
         <input_file_ref idref="fl-7"/>
      </object_component>
      <object_component id="oc-1cf">
         <name>.data</name>
         <load_address>0x20000f28</load_address>
         <run_address>0x20000f28</run_address>
         <size>0xc</size>
         <input_file_ref idref="fl-8"/>
      </object_component>
      <object_component id="oc-1c4">
         <name>.data</name>
         <load_address>0x20000eec</load_address>
         <run_address>0x20000eec</run_address>
         <size>0x14</size>
         <input_file_ref idref="fl-9"/>
      </object_component>
      <object_component id="oc-fc">
         <name>.data</name>
         <load_address>0x20000f44</load_address>
         <run_address>0x20000f44</run_address>
         <size>0x4</size>
         <input_file_ref idref="fl-c"/>
      </object_component>
      <object_component id="oc-1f2">
         <name>.data</name>
         <load_address>0x20000f3c</load_address>
         <run_address>0x20000f3c</run_address>
         <size>0x4</size>
         <input_file_ref idref="fl-cd"/>
      </object_component>
      <object_component id="oc-b6">
         <name>.data:$O1$$</name>
         <load_address>0x20000f10</load_address>
         <run_address>0x20000f10</run_address>
         <size>0xc</size>
         <input_file_ref idref="fl-ce"/>
      </object_component>
      <object_component id="oc-25f">
         <name>.data:$O1$$</name>
         <load_address>0x20000f1c</load_address>
         <run_address>0x20000f1c</run_address>
         <size>0xc</size>
         <input_file_ref idref="fl-d8"/>
      </object_component>
      <object_component id="oc-78">
         <name>.data</name>
         <load_address>0x20000f40</load_address>
         <run_address>0x20000f40</run_address>
         <size>0x4</size>
         <input_file_ref idref="fl-e0"/>
      </object_component>
      <object_component id="oc-b9">
         <name>.data:$O1$$</name>
         <load_address>0x20000f34</load_address>
         <run_address>0x20000f34</run_address>
         <size>0x8</size>
         <input_file_ref idref="fl-e5"/>
      </object_component>
      <object_component id="oc-212">
         <name>.bss:lastbuffer$3</name>
         <uninitialized>true</uninitialized>
         <run_address>0x20000e70</run_address>
         <size>0x54</size>
         <input_file_ref idref="fl-5"/>
      </object_component>
      <object_component id="oc-1ae">
         <name>.bss:firmware$2</name>
         <uninitialized>true</uninitialized>
         <run_address>0x20000ec4</run_address>
         <size>0x18</size>
         <input_file_ref idref="fl-7"/>
      </object_component>
      <object_component id="oc-1d2">
         <name>.common:rising_time</name>
         <uninitialized>true</uninitialized>
         <run_address>0x20000ee4</run_address>
         <size>0x4</size>
      </object_component>
      <object_component id="oc-1d5">
         <name>.common:falling_time</name>
         <uninitialized>true</uninitialized>
         <run_address>0x20000ee0</run_address>
         <size>0x4</size>
      </object_component>
      <object_component id="oc-1d6">
         <name>.common:event_time</name>
         <uninitialized>true</uninitialized>
         <run_address>0x20000edc</run_address>
         <size>0x4</size>
      </object_component>
      <object_component id="oc-ff">
         <name>.common:sensor_data</name>
         <uninitialized>true</uninitialized>
         <run_address>0x20000ee8</run_address>
         <size>0x4</size>
      </object_component>
      <object_component id="oc-2b">
         <name>.sysmem</name>
         <uninitialized>true</uninitialized>
         <run_address>0x20000a70</run_address>
         <size>0x8</size>
         <input_file_ref idref="fl-d8"/>
      </object_component>
      <object_component id="oc-330">
         <name>.sysmem</name>
         <uninitialized>true</uninitialized>
         <run_address>0x20000a70</run_address>
         <size>0x0</size>
      </object_component>
      <object_component id="oc-2a">
         <name>.stack</name>
         <uninitialized>true</uninitialized>
         <run_address>0x2000026c</run_address>
         <size>0x0</size>
         <input_file_ref idref="fl-c7"/>
      </object_component>
      <object_component id="oc-32f">
         <name>.stack</name>
         <uninitialized>true</uninitialized>
         <run_address>0x2000026c</run_address>
         <size>0x0</size>
      </object_component>
      <object_component id="oc-f7">
         <name>.debug_info</name>
         <load_address>0x0</load_address>
         <run_address>0x0</run_address>
         <size>0x3e5</size>
         <input_file_ref idref="fl-2"/>
      </object_component>
      <object_component id="oc-3d">
         <name>.debug_info</name>
         <load_address>0x3e5</load_address>
         <run_address>0x3e5</run_address>
         <size>0x84</size>
         <input_file_ref idref="fl-2"/>
      </object_component>
      <object_component id="oc-83">
         <name>.debug_info</name>
         <load_address>0x469</load_address>
         <run_address>0x469</run_address>
         <size>0x18b</size>
         <input_file_ref idref="fl-2"/>
      </object_component>
      <object_component id="oc-1b2">
         <name>.debug_info</name>
         <load_address>0x5f4</load_address>
         <run_address>0x5f4</run_address>
         <size>0x2c</size>
         <input_file_ref idref="fl-2"/>
      </object_component>
      <object_component id="oc-25e">
         <name>.debug_info</name>
         <load_address>0x620</load_address>
         <run_address>0x620</run_address>
         <size>0x430</size>
         <input_file_ref idref="fl-3"/>
      </object_component>
      <object_component id="oc-275">
         <name>.debug_info</name>
         <load_address>0xa50</load_address>
         <run_address>0xa50</run_address>
         <size>0xc8</size>
         <input_file_ref idref="fl-3"/>
      </object_component>
      <object_component id="oc-186">
         <name>.debug_info</name>
         <load_address>0xb18</load_address>
         <run_address>0xb18</run_address>
         <size>0x4e</size>
         <input_file_ref idref="fl-3"/>
      </object_component>
      <object_component id="oc-10f">
         <name>.debug_info</name>
         <load_address>0xb66</load_address>
         <run_address>0xb66</run_address>
         <size>0x2a9</size>
         <input_file_ref idref="fl-4"/>
      </object_component>
      <object_component id="oc-214">
         <name>.debug_info</name>
         <load_address>0xe0f</load_address>
         <run_address>0xe0f</run_address>
         <size>0x364</size>
         <input_file_ref idref="fl-5"/>
      </object_component>
      <object_component id="oc-1ff">
         <name>.debug_info</name>
         <load_address>0x1173</load_address>
         <run_address>0x1173</run_address>
         <size>0x115</size>
         <input_file_ref idref="fl-5"/>
      </object_component>
      <object_component id="oc-153">
         <name>.debug_info</name>
         <load_address>0x1288</load_address>
         <run_address>0x1288</run_address>
         <size>0x833</size>
         <input_file_ref idref="fl-5"/>
      </object_component>
      <object_component id="oc-17d">
         <name>.debug_info</name>
         <load_address>0x1abb</load_address>
         <run_address>0x1abb</run_address>
         <size>0x3b8</size>
         <input_file_ref idref="fl-6"/>
      </object_component>
      <object_component id="oc-e5">
         <name>.debug_info</name>
         <load_address>0x1e73</load_address>
         <run_address>0x1e73</run_address>
         <size>0xa0d</size>
         <input_file_ref idref="fl-6"/>
      </object_component>
      <object_component id="oc-1bb">
         <name>.debug_info</name>
         <load_address>0x2880</load_address>
         <run_address>0x2880</run_address>
         <size>0x5aa</size>
         <input_file_ref idref="fl-6"/>
      </object_component>
      <object_component id="oc-1b0">
         <name>.debug_info</name>
         <load_address>0x2e2a</load_address>
         <run_address>0x2e2a</run_address>
         <size>0x415</size>
         <input_file_ref idref="fl-7"/>
      </object_component>
      <object_component id="oc-1ac">
         <name>.debug_info</name>
         <load_address>0x323f</load_address>
         <run_address>0x323f</run_address>
         <size>0xc7</size>
         <input_file_ref idref="fl-7"/>
      </object_component>
      <object_component id="oc-192">
         <name>.debug_info</name>
         <load_address>0x3306</load_address>
         <run_address>0x3306</run_address>
         <size>0x13f</size>
         <input_file_ref idref="fl-7"/>
      </object_component>
      <object_component id="oc-f1">
         <name>.debug_info</name>
         <load_address>0x3445</load_address>
         <run_address>0x3445</run_address>
         <size>0x14d9</size>
         <input_file_ref idref="fl-7"/>
      </object_component>
      <object_component id="oc-1d3">
         <name>.debug_info</name>
         <load_address>0x491e</load_address>
         <run_address>0x491e</run_address>
         <size>0x419</size>
         <input_file_ref idref="fl-8"/>
      </object_component>
      <object_component id="oc-1d0">
         <name>.debug_info</name>
         <load_address>0x4d37</load_address>
         <run_address>0x4d37</run_address>
         <size>0x10f</size>
         <input_file_ref idref="fl-8"/>
      </object_component>
      <object_component id="oc-116">
         <name>.debug_info</name>
         <load_address>0x4e46</load_address>
         <run_address>0x4e46</run_address>
         <size>0x380</size>
         <input_file_ref idref="fl-8"/>
      </object_component>
      <object_component id="oc-28c">
         <name>.debug_info</name>
         <load_address>0x51c6</load_address>
         <run_address>0x51c6</run_address>
         <size>0x44</size>
         <input_file_ref idref="fl-8"/>
      </object_component>
      <object_component id="oc-1d8">
         <name>.debug_info</name>
         <load_address>0x520a</load_address>
         <run_address>0x520a</run_address>
         <size>0x8b</size>
         <input_file_ref idref="fl-8"/>
      </object_component>
      <object_component id="oc-1c5">
         <name>.debug_info</name>
         <load_address>0x5295</load_address>
         <run_address>0x5295</run_address>
         <size>0x14e</size>
         <input_file_ref idref="fl-9"/>
      </object_component>
      <object_component id="oc-10a">
         <name>.debug_info</name>
         <load_address>0x53e3</load_address>
         <run_address>0x53e3</run_address>
         <size>0x23e</size>
         <input_file_ref idref="fl-9"/>
      </object_component>
      <object_component id="oc-36">
         <name>.debug_info</name>
         <load_address>0x5621</load_address>
         <run_address>0x5621</run_address>
         <size>0x28a</size>
         <input_file_ref idref="fl-a"/>
      </object_component>
      <object_component id="oc-10">
         <name>.debug_info</name>
         <load_address>0x58ab</load_address>
         <run_address>0x58ab</run_address>
         <size>0xdb</size>
         <input_file_ref idref="fl-a"/>
      </object_component>
      <object_component id="oc-32">
         <name>.debug_info</name>
         <load_address>0x5986</load_address>
         <run_address>0x5986</run_address>
         <size>0x257</size>
         <input_file_ref idref="fl-a"/>
      </object_component>
      <object_component id="oc-17b">
         <name>.debug_info</name>
         <load_address>0x5bdd</load_address>
         <run_address>0x5bdd</run_address>
         <size>0x24f</size>
         <input_file_ref idref="fl-b"/>
      </object_component>
      <object_component id="oc-df">
         <name>.debug_info</name>
         <load_address>0x5e2c</load_address>
         <run_address>0x5e2c</run_address>
         <size>0x262</size>
         <input_file_ref idref="fl-b"/>
      </object_component>
      <object_component id="oc-100">
         <name>.debug_info</name>
         <load_address>0x608e</load_address>
         <run_address>0x608e</run_address>
         <size>0x713</size>
         <input_file_ref idref="fl-c"/>
      </object_component>
      <object_component id="oc-fd">
         <name>.debug_info</name>
         <load_address>0x67a1</load_address>
         <run_address>0x67a1</run_address>
         <size>0xb9</size>
         <input_file_ref idref="fl-c"/>
      </object_component>
      <object_component id="oc-103">
         <name>.debug_info</name>
         <load_address>0x685a</load_address>
         <run_address>0x685a</run_address>
         <size>0xba</size>
         <input_file_ref idref="fl-c"/>
      </object_component>
      <object_component id="oc-106">
         <name>.debug_info</name>
         <load_address>0x6914</load_address>
         <run_address>0x6914</run_address>
         <size>0xba</size>
         <input_file_ref idref="fl-c"/>
      </object_component>
      <object_component id="oc-af">
         <name>.debug_info</name>
         <load_address>0x69ce</load_address>
         <run_address>0x69ce</run_address>
         <size>0xa8d</size>
         <input_file_ref idref="fl-c"/>
      </object_component>
      <object_component id="oc-25">
         <name>.debug_info</name>
         <load_address>0x745b</load_address>
         <run_address>0x745b</run_address>
         <size>0x160</size>
         <input_file_ref idref="fl-c7"/>
      </object_component>
      <object_component id="oc-8d">
         <name>.debug_info</name>
         <load_address>0x75bb</load_address>
         <run_address>0x75bb</run_address>
         <size>0x293</size>
         <input_file_ref idref="fl-c8"/>
      </object_component>
      <object_component id="oc-15">
         <name>.debug_info</name>
         <load_address>0x784e</load_address>
         <run_address>0x784e</run_address>
         <size>0x245</size>
         <input_file_ref idref="fl-c8"/>
      </object_component>
      <object_component id="oc-38">
         <name>.debug_info</name>
         <load_address>0x7a93</load_address>
         <run_address>0x7a93</run_address>
         <size>0x60</size>
         <input_file_ref idref="fl-c8"/>
      </object_component>
      <object_component id="oc-88">
         <name>.debug_info</name>
         <load_address>0x7af3</load_address>
         <run_address>0x7af3</run_address>
         <size>0x46</size>
         <input_file_ref idref="fl-c8"/>
      </object_component>
      <object_component id="oc-4d">
         <name>.debug_info</name>
         <load_address>0x7b39</load_address>
         <run_address>0x7b39</run_address>
         <size>0x2da</size>
         <input_file_ref idref="fl-c9"/>
      </object_component>
      <object_component id="oc-1b">
         <name>.debug_info</name>
         <load_address>0x7e13</load_address>
         <run_address>0x7e13</run_address>
         <size>0x1df</size>
         <input_file_ref idref="fl-c9"/>
      </object_component>
      <object_component id="oc-48">
         <name>.debug_info</name>
         <load_address>0x7ff2</load_address>
         <run_address>0x7ff2</run_address>
         <size>0x46</size>
         <input_file_ref idref="fl-c9"/>
      </object_component>
      <object_component id="oc-8f">
         <name>.debug_info</name>
         <load_address>0x8038</load_address>
         <run_address>0x8038</run_address>
         <size>0x2c</size>
         <input_file_ref idref="fl-c9"/>
      </object_component>
      <object_component id="oc-59">
         <name>.debug_info</name>
         <load_address>0x8064</load_address>
         <run_address>0x8064</run_address>
         <size>0x2c9</size>
         <input_file_ref idref="fl-ca"/>
      </object_component>
      <object_component id="oc-1f">
         <name>.debug_info</name>
         <load_address>0x832d</load_address>
         <run_address>0x832d</run_address>
         <size>0x1aa</size>
         <input_file_ref idref="fl-ca"/>
      </object_component>
      <object_component id="oc-54">
         <name>.debug_info</name>
         <load_address>0x84d7</load_address>
         <run_address>0x84d7</run_address>
         <size>0x46</size>
         <input_file_ref idref="fl-ca"/>
      </object_component>
      <object_component id="oc-97">
         <name>.debug_info</name>
         <load_address>0x851d</load_address>
         <run_address>0x851d</run_address>
         <size>0x2c</size>
         <input_file_ref idref="fl-ca"/>
      </object_component>
      <object_component id="oc-286">
         <name>.debug_info</name>
         <load_address>0x8549</load_address>
         <run_address>0x8549</run_address>
         <size>0x39b</size>
         <input_file_ref idref="fl-cb"/>
      </object_component>
      <object_component id="oc-283">
         <name>.debug_info</name>
         <load_address>0x88e4</load_address>
         <run_address>0x88e4</run_address>
         <size>0x11d</size>
         <input_file_ref idref="fl-cb"/>
      </object_component>
      <object_component id="oc-1c9">
         <name>.debug_info</name>
         <load_address>0x8a01</load_address>
         <run_address>0x8a01</run_address>
         <size>0xb75</size>
         <input_file_ref idref="fl-cb"/>
      </object_component>
      <object_component id="oc-1f7">
         <name>.debug_info</name>
         <load_address>0x9576</load_address>
         <run_address>0x9576</run_address>
         <size>0x39</size>
         <input_file_ref idref="fl-cb"/>
      </object_component>
      <object_component id="oc-2e0">
         <name>.debug_info</name>
         <load_address>0x95af</load_address>
         <run_address>0x95af</run_address>
         <size>0x2e3</size>
         <input_file_ref idref="fl-cc"/>
      </object_component>
      <object_component id="oc-27e">
         <name>.debug_info</name>
         <load_address>0x9892</load_address>
         <run_address>0x9892</run_address>
         <size>0x240</size>
         <input_file_ref idref="fl-cc"/>
      </object_component>
      <object_component id="oc-1f3">
         <name>.debug_info</name>
         <load_address>0x9ad2</load_address>
         <run_address>0x9ad2</run_address>
         <size>0xf3</size>
         <input_file_ref idref="fl-cd"/>
      </object_component>
      <object_component id="oc-bd">
         <name>.debug_info</name>
         <load_address>0x9bc5</load_address>
         <run_address>0x9bc5</run_address>
         <size>0x3ce</size>
         <input_file_ref idref="fl-ce"/>
      </object_component>
      <object_component id="oc-b7">
         <name>.debug_info</name>
         <load_address>0x9f93</load_address>
         <run_address>0x9f93</run_address>
         <size>0x185</size>
         <input_file_ref idref="fl-ce"/>
      </object_component>
      <object_component id="oc-76">
         <name>.debug_info</name>
         <load_address>0xa118</load_address>
         <run_address>0xa118</run_address>
         <size>0x214</size>
         <input_file_ref idref="fl-ce"/>
      </object_component>
      <object_component id="oc-134">
         <name>.debug_info</name>
         <load_address>0xa32c</load_address>
         <run_address>0xa32c</run_address>
         <size>0x144</size>
         <input_file_ref idref="fl-cf"/>
      </object_component>
      <object_component id="oc-125">
         <name>.debug_info</name>
         <load_address>0xa470</load_address>
         <run_address>0xa470</run_address>
         <size>0x120</size>
         <input_file_ref idref="fl-d0"/>
      </object_component>
      <object_component id="oc-12b">
         <name>.debug_info</name>
         <load_address>0xa590</load_address>
         <run_address>0xa590</run_address>
         <size>0x122</size>
         <input_file_ref idref="fl-d0"/>
      </object_component>
      <object_component id="oc-13f">
         <name>.debug_info</name>
         <load_address>0xa6b2</load_address>
         <run_address>0xa6b2</run_address>
         <size>0x132</size>
         <input_file_ref idref="fl-d1"/>
      </object_component>
      <object_component id="oc-144">
         <name>.debug_info</name>
         <load_address>0xa7e4</load_address>
         <run_address>0xa7e4</run_address>
         <size>0x132</size>
         <input_file_ref idref="fl-d2"/>
      </object_component>
      <object_component id="oc-120">
         <name>.debug_info</name>
         <load_address>0xa916</load_address>
         <run_address>0xa916</run_address>
         <size>0x126</size>
         <input_file_ref idref="fl-d3"/>
      </object_component>
      <object_component id="oc-139">
         <name>.debug_info</name>
         <load_address>0xaa3c</load_address>
         <run_address>0xaa3c</run_address>
         <size>0x136</size>
         <input_file_ref idref="fl-d4"/>
      </object_component>
      <object_component id="oc-12f">
         <name>.debug_info</name>
         <load_address>0xab72</load_address>
         <run_address>0xab72</run_address>
         <size>0x124</size>
         <input_file_ref idref="fl-d5"/>
      </object_component>
      <object_component id="oc-11c">
         <name>.debug_info</name>
         <load_address>0xac96</load_address>
         <run_address>0xac96</run_address>
         <size>0x124</size>
         <input_file_ref idref="fl-d6"/>
      </object_component>
      <object_component id="oc-43">
         <name>.debug_info</name>
         <load_address>0xadba</load_address>
         <run_address>0xadba</run_address>
         <size>0x111</size>
         <input_file_ref idref="fl-d7"/>
      </object_component>
      <object_component id="oc-7e">
         <name>.debug_info</name>
         <load_address>0xaecb</load_address>
         <run_address>0xaecb</run_address>
         <size>0x3bc</size>
         <input_file_ref idref="fl-d8"/>
      </object_component>
      <object_component id="oc-2c">
         <name>.debug_info</name>
         <load_address>0xb287</load_address>
         <run_address>0xb287</run_address>
         <size>0x101</size>
         <input_file_ref idref="fl-d8"/>
      </object_component>
      <object_component id="oc-260">
         <name>.debug_info</name>
         <load_address>0xb388</load_address>
         <run_address>0xb388</run_address>
         <size>0x14c</size>
         <input_file_ref idref="fl-d8"/>
      </object_component>
      <object_component id="oc-18d">
         <name>.debug_info</name>
         <load_address>0xb4d4</load_address>
         <run_address>0xb4d4</run_address>
         <size>0x885</size>
         <input_file_ref idref="fl-d8"/>
      </object_component>
      <object_component id="oc-c3">
         <name>.debug_info</name>
         <load_address>0xbd59</load_address>
         <run_address>0xbd59</run_address>
         <size>0x2c</size>
         <input_file_ref idref="fl-d8"/>
      </object_component>
      <object_component id="oc-c8">
         <name>.debug_info</name>
         <load_address>0xbd85</load_address>
         <run_address>0xbd85</run_address>
         <size>0x62</size>
         <input_file_ref idref="fl-d8"/>
      </object_component>
      <object_component id="oc-4f">
         <name>.debug_info</name>
         <load_address>0xbde7</load_address>
         <run_address>0xbde7</run_address>
         <size>0x13f</size>
         <input_file_ref idref="fl-d9"/>
      </object_component>
      <object_component id="oc-5d">
         <name>.debug_info</name>
         <load_address>0xbf26</load_address>
         <run_address>0xbf26</run_address>
         <size>0x138</size>
         <input_file_ref idref="fl-da"/>
      </object_component>
      <object_component id="oc-61">
         <name>.debug_info</name>
         <load_address>0xc05e</load_address>
         <run_address>0xc05e</run_address>
         <size>0x148</size>
         <input_file_ref idref="fl-db"/>
      </object_component>
      <object_component id="oc-2c3">
         <name>.debug_info</name>
         <load_address>0xc1a6</load_address>
         <run_address>0xc1a6</run_address>
         <size>0x316</size>
         <input_file_ref idref="fl-dd"/>
      </object_component>
      <object_component id="oc-234">
         <name>.debug_info</name>
         <load_address>0xc4bc</load_address>
         <run_address>0xc4bc</run_address>
         <size>0x1d5</size>
         <input_file_ref idref="fl-dd"/>
      </object_component>
      <object_component id="oc-29c">
         <name>.debug_info</name>
         <load_address>0xc691</load_address>
         <run_address>0xc691</run_address>
         <size>0x2c</size>
         <input_file_ref idref="fl-dd"/>
      </object_component>
      <object_component id="oc-1f6">
         <name>.debug_info</name>
         <load_address>0xc6bd</load_address>
         <run_address>0xc6bd</run_address>
         <size>0x388</size>
         <input_file_ref idref="fl-de"/>
      </object_component>
      <object_component id="oc-149">
         <name>.debug_info</name>
         <load_address>0xca45</load_address>
         <run_address>0xca45</run_address>
         <size>0x5b0</size>
         <input_file_ref idref="fl-de"/>
      </object_component>
      <object_component id="oc-185">
         <name>.debug_info</name>
         <load_address>0xcff5</load_address>
         <run_address>0xcff5</run_address>
         <size>0x355</size>
         <input_file_ref idref="fl-df"/>
      </object_component>
      <object_component id="oc-eb">
         <name>.debug_info</name>
         <load_address>0xd34a</load_address>
         <run_address>0xd34a</run_address>
         <size>0x2e4</size>
         <input_file_ref idref="fl-df"/>
      </object_component>
      <object_component id="oc-257">
         <name>.debug_info</name>
         <load_address>0xd62e</load_address>
         <run_address>0xd62e</run_address>
         <size>0x2c</size>
         <input_file_ref idref="fl-df"/>
      </object_component>
      <object_component id="oc-79">
         <name>.debug_info</name>
         <load_address>0xd65a</load_address>
         <run_address>0xd65a</run_address>
         <size>0x109</size>
         <input_file_ref idref="fl-e0"/>
      </object_component>
      <object_component id="oc-264">
         <name>.debug_info</name>
         <load_address>0xd763</load_address>
         <run_address>0xd763</run_address>
         <size>0x27f</size>
         <input_file_ref idref="fl-e1"/>
      </object_component>
      <object_component id="oc-199">
         <name>.debug_info</name>
         <load_address>0xd9e2</load_address>
         <run_address>0xd9e2</run_address>
         <size>0x258</size>
         <input_file_ref idref="fl-e1"/>
      </object_component>
      <object_component id="oc-2b2">
         <name>.debug_info</name>
         <load_address>0xdc3a</load_address>
         <run_address>0xdc3a</run_address>
         <size>0x28a</size>
         <input_file_ref idref="fl-e2"/>
      </object_component>
      <object_component id="oc-20b">
         <name>.debug_info</name>
         <load_address>0xdec4</load_address>
         <run_address>0xdec4</run_address>
         <size>0x231</size>
         <input_file_ref idref="fl-e2"/>
      </object_component>
      <object_component id="oc-14f">
         <name>.debug_info</name>
         <load_address>0xe0f5</load_address>
         <run_address>0xe0f5</run_address>
         <size>0x126</size>
         <input_file_ref idref="fl-e3"/>
      </object_component>
      <object_component id="oc-2ab">
         <name>.debug_info</name>
         <load_address>0xe21b</load_address>
         <run_address>0xe21b</run_address>
         <size>0x362</size>
         <input_file_ref idref="fl-e4"/>
      </object_component>
      <object_component id="oc-207">
         <name>.debug_info</name>
         <load_address>0xe57d</load_address>
         <run_address>0xe57d</run_address>
         <size>0x35c</size>
         <input_file_ref idref="fl-e4"/>
      </object_component>
      <object_component id="oc-2ac">
         <name>.debug_info</name>
         <load_address>0xe8d9</load_address>
         <run_address>0xe8d9</run_address>
         <size>0x69</size>
         <input_file_ref idref="fl-e4"/>
      </object_component>
      <object_component id="oc-16a">
         <name>.debug_info</name>
         <load_address>0xe942</load_address>
         <run_address>0xe942</run_address>
         <size>0x2be</size>
         <input_file_ref idref="fl-e5"/>
      </object_component>
      <object_component id="oc-ba">
         <name>.debug_info</name>
         <load_address>0xec00</load_address>
         <run_address>0xec00</run_address>
         <size>0x113</size>
         <input_file_ref idref="fl-e5"/>
      </object_component>
      <object_component id="oc-164">
         <name>.debug_info</name>
         <load_address>0xed13</load_address>
         <run_address>0xed13</run_address>
         <size>0x21f</size>
         <input_file_ref idref="fl-e5"/>
      </object_component>
      <object_component id="oc-24c">
         <name>.debug_info</name>
         <load_address>0xef32</load_address>
         <run_address>0xef32</run_address>
         <size>0x51f</size>
         <input_file_ref idref="fl-e6"/>
      </object_component>
      <object_component id="oc-180">
         <name>.debug_info</name>
         <load_address>0xf451</load_address>
         <run_address>0xf451</run_address>
         <size>0x1543</size>
         <input_file_ref idref="fl-e6"/>
      </object_component>
      <object_component id="oc-24d">
         <name>.debug_info</name>
         <load_address>0x10994</load_address>
         <run_address>0x10994</run_address>
         <size>0x86</size>
         <input_file_ref idref="fl-e6"/>
      </object_component>
      <object_component id="oc-2cf">
         <name>.debug_info</name>
         <load_address>0x10a1a</load_address>
         <run_address>0x10a1a</run_address>
         <size>0x46</size>
         <input_file_ref idref="fl-e6"/>
      </object_component>
      <object_component id="oc-252">
         <name>.debug_info</name>
         <load_address>0x10a60</load_address>
         <run_address>0x10a60</run_address>
         <size>0x39</size>
         <input_file_ref idref="fl-e6"/>
      </object_component>
      <object_component id="oc-b5">
         <name>.debug_info</name>
         <load_address>0x10a99</load_address>
         <run_address>0x10a99</run_address>
         <size>0x300</size>
         <input_file_ref idref="fl-e7"/>
      </object_component>
      <object_component id="oc-6f">
         <name>.debug_info</name>
         <load_address>0x10d99</load_address>
         <run_address>0x10d99</run_address>
         <size>0x167</size>
         <input_file_ref idref="fl-e7"/>
      </object_component>
      <object_component id="oc-15b">
         <name>.debug_info</name>
         <load_address>0x10f00</load_address>
         <run_address>0x10f00</run_address>
         <size>0x5e</size>
         <input_file_ref idref="fl-e7"/>
      </object_component>
      <object_component id="oc-2ca">
         <name>.debug_info</name>
         <load_address>0x10f5e</load_address>
         <run_address>0x10f5e</run_address>
         <size>0x2ae</size>
         <input_file_ref idref="fl-e8"/>
      </object_component>
      <object_component id="oc-243">
         <name>.debug_info</name>
         <load_address>0x1120c</load_address>
         <run_address>0x1120c</run_address>
         <size>0x171</size>
         <input_file_ref idref="fl-e8"/>
      </object_component>
      <object_component id="oc-ad">
         <name>.debug_info</name>
         <load_address>0x1137d</load_address>
         <run_address>0x1137d</run_address>
         <size>0x483</size>
         <input_file_ref idref="fl-e9"/>
      </object_component>
      <object_component id="oc-67">
         <name>.debug_info</name>
         <load_address>0x11800</load_address>
         <run_address>0x11800</run_address>
         <size>0x190</size>
         <input_file_ref idref="fl-e9"/>
      </object_component>
      <object_component id="oc-d4">
         <name>.debug_info</name>
         <load_address>0x11990</load_address>
         <run_address>0x11990</run_address>
         <size>0x39</size>
         <input_file_ref idref="fl-e9"/>
      </object_component>
      <object_component id="oc-175">
         <name>.debug_info</name>
         <load_address>0x119c9</load_address>
         <run_address>0x119c9</run_address>
         <size>0x39</size>
         <input_file_ref idref="fl-e9"/>
      </object_component>
      <object_component id="oc-d9">
         <name>.debug_info</name>
         <load_address>0x11a02</load_address>
         <run_address>0x11a02</run_address>
         <size>0xcd</size>
         <input_file_ref idref="fl-e9"/>
      </object_component>
      <object_component id="oc-d0">
         <name>.debug_info</name>
         <load_address>0x11acf</load_address>
         <run_address>0x11acf</run_address>
         <size>0x37a</size>
         <input_file_ref idref="fl-ea"/>
      </object_component>
      <object_component id="oc-a1">
         <name>.debug_info</name>
         <load_address>0x11e49</load_address>
         <run_address>0x11e49</run_address>
         <size>0x183</size>
         <input_file_ref idref="fl-ea"/>
      </object_component>
      <object_component id="oc-170">
         <name>.debug_info</name>
         <load_address>0x11fcc</load_address>
         <run_address>0x11fcc</run_address>
         <size>0x2c</size>
         <input_file_ref idref="fl-ea"/>
      </object_component>
      <object_component id="oc-300">
         <name>.debug_info</name>
         <load_address>0x11ff8</load_address>
         <run_address>0x11ff8</run_address>
         <size>0xee</size>
         <input_file_ref idref="fl-eb"/>
      </object_component>
      <object_component id="oc-2c7">
         <name>.debug_info</name>
         <load_address>0x120e6</load_address>
         <run_address>0x120e6</run_address>
         <size>0xfa</size>
         <input_file_ref idref="fl-eb"/>
      </object_component>
      <object_component id="oc-29a">
         <name>.debug_info</name>
         <load_address>0x121e0</load_address>
         <run_address>0x121e0</run_address>
         <size>0x39a</size>
         <input_file_ref idref="fl-ef"/>
      </object_component>
      <object_component id="oc-297">
         <name>.debug_info</name>
         <load_address>0x1257a</load_address>
         <run_address>0x1257a</run_address>
         <size>0x12f</size>
         <input_file_ref idref="fl-ef"/>
      </object_component>
      <object_component id="oc-1e9">
         <name>.debug_info</name>
         <load_address>0x126a9</load_address>
         <run_address>0x126a9</run_address>
         <size>0x724</size>
         <input_file_ref idref="fl-ef"/>
      </object_component>
      <object_component id="oc-2a5">
         <name>.debug_info</name>
         <load_address>0x12dcd</load_address>
         <run_address>0x12dcd</run_address>
         <size>0x2c6</size>
         <input_file_ref idref="fl-f0"/>
      </object_component>
      <object_component id="oc-2a2">
         <name>.debug_info</name>
         <load_address>0x13093</load_address>
         <run_address>0x13093</run_address>
         <size>0xef</size>
         <input_file_ref idref="fl-f0"/>
      </object_component>
      <object_component id="oc-1ed">
         <name>.debug_info</name>
         <load_address>0x13182</load_address>
         <run_address>0x13182</run_address>
         <size>0x5c4</size>
         <input_file_ref idref="fl-f0"/>
      </object_component>
      <object_component id="oc-2b9">
         <name>.debug_info</name>
         <load_address>0x13746</load_address>
         <run_address>0x13746</run_address>
         <size>0x2e6</size>
         <input_file_ref idref="fl-f1"/>
      </object_component>
      <object_component id="oc-228">
         <name>.debug_info</name>
         <load_address>0x13a2c</load_address>
         <run_address>0x13a2c</run_address>
         <size>0x1c2</size>
         <input_file_ref idref="fl-f1"/>
      </object_component>
      <object_component id="oc-2cc">
         <name>.debug_info</name>
         <load_address>0x13bee</load_address>
         <run_address>0x13bee</run_address>
         <size>0x28b</size>
         <input_file_ref idref="fl-f2"/>
      </object_component>
      <object_component id="oc-246">
         <name>.debug_info</name>
         <load_address>0x13e79</load_address>
         <run_address>0x13e79</run_address>
         <size>0x1ab</size>
         <input_file_ref idref="fl-f2"/>
      </object_component>
      <object_component id="oc-2c0">
         <name>.debug_info</name>
         <load_address>0x14024</load_address>
         <run_address>0x14024</run_address>
         <size>0x156</size>
         <input_file_ref idref="fl-f4"/>
      </object_component>
      <object_component id="oc-2e6">
         <name>.debug_info</name>
         <load_address>0x1417a</load_address>
         <run_address>0x1417a</run_address>
         <size>0x2ce</size>
         <input_file_ref idref="fl-f5"/>
      </object_component>
      <object_component id="oc-291">
         <name>.debug_info</name>
         <load_address>0x14448</load_address>
         <run_address>0x14448</run_address>
         <size>0x21f</size>
         <input_file_ref idref="fl-f5"/>
      </object_component>
      <object_component id="oc-2bb">
         <name>.debug_info</name>
         <load_address>0x14667</load_address>
         <run_address>0x14667</run_address>
         <size>0x2d9</size>
         <input_file_ref idref="fl-f6"/>
      </object_component>
      <object_component id="oc-22e">
         <name>.debug_info</name>
         <load_address>0x14940</load_address>
         <run_address>0x14940</run_address>
         <size>0x18a</size>
         <input_file_ref idref="fl-f6"/>
      </object_component>
      <object_component id="oc-a7">
         <name>.debug_info</name>
         <load_address>0x14aca</load_address>
         <run_address>0x14aca</run_address>
         <size>0x145</size>
         <input_file_ref idref="fl-f7"/>
      </object_component>
      <object_component id="oc-2c5">
         <name>.debug_info</name>
         <load_address>0x14c0f</load_address>
         <run_address>0x14c0f</run_address>
         <size>0x28f</size>
         <input_file_ref idref="fl-f8"/>
      </object_component>
      <object_component id="oc-23a">
         <name>.debug_info</name>
         <load_address>0x14e9e</load_address>
         <run_address>0x14e9e</run_address>
         <size>0x244</size>
         <input_file_ref idref="fl-f8"/>
      </object_component>
      <object_component id="oc-2b7">
         <name>.debug_info</name>
         <load_address>0x150e2</load_address>
         <run_address>0x150e2</run_address>
         <size>0x284</size>
         <input_file_ref idref="fl-f9"/>
      </object_component>
      <object_component id="oc-224">
         <name>.debug_info</name>
         <load_address>0x15366</load_address>
         <run_address>0x15366</run_address>
         <size>0x22a</size>
         <input_file_ref idref="fl-f9"/>
      </object_component>
      <object_component id="oc-21e">
         <name>.debug_info</name>
         <load_address>0x15590</load_address>
         <run_address>0x15590</run_address>
         <size>0x17d</size>
         <input_file_ref idref="fl-fa"/>
      </object_component>
      <object_component id="oc-269">
         <name>.debug_info</name>
         <load_address>0x1570d</load_address>
         <run_address>0x1570d</run_address>
         <size>0x20e</size>
         <input_file_ref idref="fl-111"/>
      </object_component>
      <object_component id="oc-266">
         <name>.debug_info</name>
         <load_address>0x1591b</load_address>
         <run_address>0x1591b</run_address>
         <size>0x157</size>
         <input_file_ref idref="fl-111"/>
      </object_component>
      <object_component id="oc-1a0">
         <name>.debug_info</name>
[...]
      </symbol>
      <symbol id="sm-1cc">
         <name>oi_loadSong</name>
         <value>0x19e7</value>
         <object_component_ref idref="oc-f0"/>
      </symbol>
      <symbol id="sm-1cd">
         <name>oi_play_song</name>
         <value>0x1a3d</value>
         <object_component_ref idref="oc-f0"/>
      </symbol>
      <symbol id="sm-1ce">
         <name>oi_parsePacket</name>
         <value>0x1467</value>
         <object_component_ref idref="oc-f0"/>
      </symbol>
      <symbol id="sm-1cf">
         <name>oi_setLeds</name>
         <value>0x1961</value>
         <object_component_ref idref="oc-f0"/>
      </symbol>
      <symbol id="sm-1d0">
         <name>oi_init</name>
         <value>0x13ed</value>
         <object_component_ref idref="oc-f0"/>
      </symbol>
      <symbol id="sm-1d1">
         <name>oi_update</name>
         <value>0x1415</value>
         <object_component_ref idref="oc-f0"/>
      </symbol>
      <symbol id="sm-1d2">
         <name>oi_uartInit</name>
         <value>0x1a5f</value>
         <object_component_ref idref="oc-f0"/>
      </symbol>
      <symbol id="sm-21a">
         <name>rising_time</name>
         <value>0x20000ee4</value>
      </symbol>
      <symbol id="sm-21b">
         <name>falling_time</name>
         <value>0x20000ee0</value>
      </symbol>
      <symbol id="sm-21c">
         <name>event_time</name>
         <value>0x20000edc</value>
      </symbol>
      <symbol id="sm-21d">
         <name>ping_read</name>
         <value>0x4a7b</value>
         <object_component_ref idref="oc-114"/>
      </symbol>
      <symbol id="sm-21e">
         <name>send_pulse</name>
         <value>0x4a0d</value>
         <object_component_ref idref="oc-114"/>
      </symbol>
      <symbol id="sm-21f">
         <name>edge</name>
         <value>0x20000f28</value>
         <object_component_ref idref="oc-1cf"/>
      </symbol>
      <symbol id="sm-220">
         <name>overflows</name>
         <value>0x20000f2c</value>
         <object_component_ref idref="oc-1cf"/>
      </symbol>
      <symbol id="sm-221">
         <name>interrupt_occurred</name>
         <value>0x20000f30</value>
         <object_component_ref idref="oc-1cf"/>
      </symbol>
      <symbol id="sm-222">
         <name>TIMER3B_Handler</name>
         <value>0x4915</value>
         <object_component_ref idref="oc-114"/>
      </symbol>
      <symbol id="sm-223">
         <name>timer3_init</name>
         <value>0x4951</value>
         <object_component_ref idref="oc-114"/>
      </symbol>
      <symbol id="sm-224">
         <name>ping_init</name>
         <value>0x49d9</value>
         <object_component_ref idref="oc-114"/>
      </symbol>
      <symbol id="sm-225">
         <name>cycle2dist</name>
         <value>0x4aed</value>
         <object_component_ref idref="oc-114"/>
      </symbol>
      <symbol id="sm-252">
         <name>move_servo</name>
         <value>0x5157</value>
         <object_component_ref idref="oc-108"/>
      </symbol>
      <symbol id="sm-253">
         <name>pulse_period</name>
         <value>0x20000eec</value>
         <object_component_ref idref="oc-1c4"/>
      </symbol>
      <symbol id="sm-254">
         <name>gpio_init</name>
         <value>0x5123</value>
         <object_component_ref idref="oc-108"/>
      </symbol>
      <symbol id="sm-255">
         <name>mid_width</name>
         <value>0x20000ef0</value>
         <object_component_ref idref="oc-1c4"/>
      </symbol>
      <symbol id="sm-256">
         <name>direction</name>
         <value>0x20000efc</value>
         <object_component_ref idref="oc-1c4"/>
      </symbol>
      <symbol id="sm-257">
         <name>timer1_init</name>
         <value>0x50b5</value>
         <object_component_ref idref="oc-108"/>
      </symbol>
      <symbol id="sm-258">
         <name>angle</name>
         <value>0x20000ef4</value>
         <object_component_ref idref="oc-1c4"/>
      </symbol>
      <symbol id="sm-259">
         <name>pulse_width</name>
         <value>0x20000ef8</value>
         <object_component_ref idref="oc-1c4"/>
      </symbol>
      <symbol id="sm-275">
         <name>ResetISR</name>
         <value>0x626b</value>
         <object_component_ref idref="oc-2e"/>
      </symbol>
      <symbol id="sm-276">
         <name>g_pfnVectors</name>
         <value>0x0</value>
         <object_component_ref idref="oc-f"/>
      </symbol>
      <symbol id="sm-298">
         <name>uart_sendChar</name>
         <value>0x5685</value>
         <object_component_ref idref="oc-de"/>
      </symbol>
      <symbol id="sm-299">
         <name>uart_init</name>
         <value>0x55fd</value>
         <object_component_ref idref="oc-de"/>
      </symbol>
      <symbol id="sm-29a">
         <name>uart_receive</name>
         <value>0x56a1</value>
         <object_component_ref idref="oc-de"/>
      </symbol>
      <symbol id="sm-29b">
         <name>uart_sendStr</name>
         <value>0x56c7</value>
         <object_component_ref idref="oc-de"/>
      </symbol>
      <symbol id="sm-2f9">
         <name>sensor_data</name>
         <value>0x20000ee8</value>
      </symbol>
      <symbol id="sm-2fa">
         <name>robot_command</name>
         <value>0x2f15</value>
         <object_component_ref idref="oc-ae"/>
      </symbol>
      <symbol id="sm-2fb">
         <name>sweep_info</name>
         <value>0x31cd</value>
         <object_component_ref idref="oc-ae"/>
      </symbol>
      <symbol id="sm-2fc">
         <name>main</name>
         <value>0x3509</value>
         <object_component_ref idref="oc-ae"/>
      </symbol>
      <symbol id="sm-2fd">
         <name>finish</name>
         <value>0x3075</value>
         <object_component_ref idref="oc-ae"/>
      </symbol>
      <symbol id="sm-2fe">
         <name>amount</name>
         <value>0x20000f44</value>
         <object_component_ref idref="oc-fc"/>
      </symbol>
      <symbol id="sm-30f">
         <name>_c_int00</name>
         <value>0x5ec1</value>
         <object_component_ref idref="oc-24"/>
      </symbol>
      <symbol id="sm-310">
         <name>__stack</name>
         <value>0x2000026c</value>
         <object_component_ref idref="oc-2a"/>
      </symbol>
      <symbol id="sm-32e">
         <name>__TI_decompress_lzss</name>
         <value>0x5d93</value>
         <object_component_ref idref="oc-12"/>
      </symbol>
      <symbol id="sm-345">
         <name>__TI_decompress_none</name>
         <value>0x6245</value>
         <object_component_ref idref="oc-18"/>
      </symbol>
      <symbol id="sm-35c">
         <name>__TI_zero_init</name>
         <value>0x625f</value>
         <object_component_ref idref="oc-1e"/>
      </symbol>
      <symbol id="sm-3ec">
         <name>pow</name>
         <value>0x1e31</value>
         <object_component_ref idref="oc-1c8"/>
      </symbol>
      <symbol id="sm-3ed">
         <name>powl</name>
         <value>0x1e31</value>
         <object_component_ref idref="oc-1c8"/>
      </symbol>
      <symbol id="sm-411">
         <name>sqrtl</name>
         <value>0x4f45</value>
         <object_component_ref idref="oc-27c"/>
      </symbol>
      <symbol id="sm-412">
         <name>sqrt</name>
         <value>0x4f45</value>
         <object_component_ref idref="oc-27c"/>
      </symbol>
      <symbol id="sm-41a">
         <name>errno</name>
         <value>0x20000f3c</value>
         <object_component_ref idref="oc-1f2"/>
      </symbol>
      <symbol id="sm-43b">
         <name>C$$EXIT</name>
         <value>0x5f15</value>
         <object_component_ref idref="oc-72"/>
      </symbol>
      <symbol id="sm-43c">
         <name>abort</name>
         <value>0x5f19</value>
         <object_component_ref idref="oc-72"/>
      </symbol>
      <symbol id="sm-43d">
         <name>exit</name>
         <value>0x5f21</value>
         <object_component_ref idref="oc-72"/>
      </symbol>
      <symbol id="sm-43e">
         <name>__TI_dtors_ptr</name>
         <value>0x20000f14</value>
         <object_component_ref idref="oc-b6"/>
      </symbol>
      <symbol id="sm-43f">
         <name>__TI_cleanup_ptr</name>
         <value>0x20000f10</value>
         <object_component_ref idref="oc-b6"/>
      </symbol>
      <symbol id="sm-440">
         <name>__TI_enable_exit_profile_output</name>
         <value>0x20000f18</value>
         <object_component_ref idref="oc-b6"/>
      </symbol>
      <symbol id="sm-457">
         <name>__aeabi_dsub</name>
         <value>0x4d8d</value>
         <object_component_ref idref="oc-133"/>
      </symbol>
      <symbol id="sm-458">
         <name>__aeabi_dadd</name>
         <value>0x4d97</value>
         <object_component_ref idref="oc-133"/>
      </symbol>
      <symbol id="sm-47a">
         <name>__aeabi_cdcmpeq</name>
         <value>0x5b2d</value>
         <object_component_ref idref="oc-124"/>
      </symbol>
      <symbol id="sm-47b">
         <name>__aeabi_cdcmple</name>
         <value>0x5b2d</value>
         <object_component_ref idref="oc-124"/>
      </symbol>
      <symbol id="sm-47c">
         <name>__aeabi_cdrcmple</name>
         <value>0x5bb3</value>
         <object_component_ref idref="oc-129"/>
      </symbol>
      <symbol id="sm-490">
         <name>__aeabi_ddiv</name>
         <value>0x54c5</value>
         <object_component_ref idref="oc-13d"/>
      </symbol>
      <symbol id="sm-49b">
         <name>__aeabi_dmul</name>
         <value>0x5719</value>
         <object_component_ref idref="oc-142"/>
      </symbol>
      <symbol id="sm-4a5">
         <name>__aeabi_d2iz</name>
         <value>0x6055</value>
         <object_component_ref idref="oc-11f"/>
      </symbol>
      <symbol id="sm-4b1">
         <name>__aeabi_d2f</name>
         <value>0x5d25</value>
         <object_component_ref idref="oc-138"/>
      </symbol>
      <symbol id="sm-4bc">
         <name>__aeabi_f2d</name>
         <value>0x609d</value>
         <object_component_ref idref="oc-12e"/>
      </symbol>
      <symbol id="sm-4c6">
         <name>__aeabi_i2d</name>
         <value>0x6109</value>
         <object_component_ref idref="oc-11a"/>
      </symbol>
      <symbol id="sm-4e1">
         <name>memcpy</name>
         <value>0x5a09</value>
         <object_component_ref idref="oc-42"/>
      </symbol>
      <symbol id="sm-4e2">
         <name>__aeabi_memcpy</name>
         <value>0x5a09</value>
         <object_component_ref idref="oc-42"/>
      </symbol>
      <symbol id="sm-4e3">
         <name>__aeabi_memcpy8</name>
         <value>0x5a09</value>
         <object_component_ref idref="oc-42"/>
      </symbol>
      <symbol id="sm-4e4">
         <name>__aeabi_memcpy4</name>
         <value>0x5a09</value>
         <object_component_ref idref="oc-42"/>
      </symbol>
      <symbol id="sm-558">
         <name>_sys_memory</name>
         <value>0x20000a70</value>
         <object_component_ref idref="oc-2b"/>
      </symbol>
      <symbol id="sm-559">
         <name>free</name>
         <value>0x4023</value>
         <object_component_ref idref="oc-18b"/>
      </symbol>
      <symbol id="sm-55a">
         <name>realloc</name>
         <value>0x40e5</value>
         <object_component_ref idref="oc-18b"/>
      </symbol>
      <symbol id="sm-55b">
         <name>memalign</name>
         <value>0x41ed</value>
         <object_component_ref idref="oc-18b"/>
      </symbol>
      <symbol id="sm-55c">
         <name>calloc</name>
         <value>0x42d9</value>
         <object_component_ref idref="oc-18b"/>
      </symbol>
      <symbol id="sm-55d">
         <name>malloc</name>
         <value>0x3fb9</value>
         <object_component_ref idref="oc-18b"/>
      </symbol>
      <symbol id="sm-55e">
         <name>minit</name>
         <value>0x3f39</value>
         <object_component_ref idref="oc-18b"/>
      </symbol>
      <symbol id="sm-56d">
         <name>__aeabi_memset</name>
         <value>0x5c3b</value>
         <object_component_ref idref="oc-4e"/>
      </symbol>
      <symbol id="sm-56e">
         <name>memset</name>
         <value>0x5c41</value>
         <object_component_ref idref="oc-4e"/>
      </symbol>
      <symbol id="sm-56f">
         <name>__aeabi_memset8</name>
         <value>0x5c3b</value>
         <object_component_ref idref="oc-4e"/>
      </symbol>
      <symbol id="sm-570">
         <name>__aeabi_memset4</name>
         <value>0x5c3b</value>
         <object_component_ref idref="oc-4e"/>
      </symbol>
      <symbol id="sm-571">
         <name>__aeabi_memclr8</name>
         <value>0x5c39</value>
         <object_component_ref idref="oc-4e"/>
      </symbol>
      <symbol id="sm-572">
         <name>__aeabi_memclr4</name>
         <value>0x5c39</value>
         <object_component_ref idref="oc-4e"/>
      </symbol>
      <symbol id="sm-573">
         <name>__aeabi_memclr</name>
         <value>0x5c39</value>
         <object_component_ref idref="oc-4e"/>
      </symbol>
      <symbol id="sm-57d">
         <name>__mpu_init</name>
         <value>0x13ab</value>
         <object_component_ref idref="oc-5a"/>
      </symbol>
      <symbol id="sm-587">
         <name>_system_pre_init</name>
         <value>0x6277</value>
         <object_component_ref idref="oc-60"/>
      </symbol>
      <symbol id="sm-5aa">
         <name>scalbn</name>
         <value>0x5815</value>
         <object_component_ref idref="oc-233"/>
      </symbol>
      <symbol id="sm-5ab">
         <name>scalbnl</name>
         <value>0x5815</value>
         <object_component_ref idref="oc-233"/>
      </symbol>
      <symbol id="sm-5ac">
         <name>ldexpl</name>
         <value>0x5815</value>
         <object_component_ref idref="oc-233"/>
      </symbol>
      <symbol id="sm-5ad">
         <name>ldexp</name>
         <value>0x5815</value>
         <object_component_ref idref="oc-233"/>
      </symbol>
      <symbol id="sm-5fe">
         <name>tanl</name>
         <value>0x35d5</value>
         <object_component_ref idref="oc-147"/>
      </symbol>
      <symbol id="sm-5ff">
         <name>tan</name>
         <value>0x35d5</value>
         <object_component_ref idref="oc-147"/>
      </symbol>
      <symbol id="sm-618">
         <name>sprintf</name>
         <value>0x5e61</value>
         <object_component_ref idref="oc-ea"/>
      </symbol>
      <symbol id="sm-620">
         <name>main_func_sp</name>
         <value>0x20000f40</value>
         <object_component_ref idref="oc-78"/>
      </symbol>
      <symbol id="sm-62f">
         <name>strcmp</name>
         <value>0x61a5</value>
         <object_component_ref idref="oc-198"/>
      </symbol>
      <symbol id="sm-63d">
         <name>strcpy</name>
         <value>0x61fd</value>
         <object_component_ref idref="oc-20a"/>
      </symbol>
      <symbol id="sm-647">
         <name>__aeabi_ui2d</name>
         <value>0x6137</value>
         <object_component_ref idref="oc-14d"/>
      </symbol>
      <symbol id="sm-663">
         <name>vsnprintf</name>
         <value>0x5aa5</value>
         <object_component_ref idref="oc-204"/>
      </symbol>
      <symbol id="sm-67c">
         <name>_nop</name>
         <value>0x61e3</value>
         <object_component_ref idref="oc-162"/>
      </symbol>
      <symbol id="sm-67d">
         <name>_lock</name>
         <value>0x20000f34</value>
         <object_component_ref idref="oc-b9"/>
      </symbol>
      <symbol id="sm-67e">
         <name>_unlock</name>
         <value>0x20000f38</value>
         <object_component_ref idref="oc-b9"/>
      </symbol>
      <symbol id="sm-67f">
         <name>_register_lock</name>
         <value>0x61db</value>
         <object_component_ref idref="oc-162"/>
      </symbol>
      <symbol id="sm-680">
         <name>_register_unlock</name>
         <value>0x61d5</value>
         <object_component_ref idref="oc-162"/>
      </symbol>
      <symbol id="sm-781">
         <name>__TI_printfi</name>
         <value>0xab1</value>
         <object_component_ref idref="oc-17e"/>
      </symbol>
      <symbol id="sm-795">
         <name>_args_main</name>
         <value>0x618d</value>
         <object_component_ref idref="oc-6c"/>
      </symbol>
      <symbol id="sm-7ab">
         <name>atoi</name>
         <value>0x5fbd</value>
         <object_component_ref idref="oc-23f"/>
      </symbol>
      <symbol id="sm-7d5">
         <name>__TI_auto_init</name>
         <value>0x5cb5</value>
         <object_component_ref idref="oc-66"/>
      </symbol>
      <symbol id="sm-7ef">
         <name>copy_in</name>
         <value>0x6009</value>
         <object_component_ref idref="oc-a0"/>
      </symbol>
      <symbol id="sm-7fa">
         <name>_ctypes_</name>
         <value>0x63d8</value>
         <object_component_ref idref="oc-2c6"/>
      </symbol>
      <symbol id="sm-861">
         <name>__kernel_rem_pio2</name>
         <value>0x27dd</value>
         <object_component_ref idref="oc-1e6"/>
      </symbol>
      <symbol id="sm-87f">
         <name>__kernel_tan</name>
         <value>0x4309</value>
         <object_component_ref idref="oc-1ec"/>
      </symbol>
      <symbol id="sm-88e">
         <name>ltoa</name>
         <value>0x5f69</value>
         <object_component_ref idref="oc-227"/>
      </symbol>
      <symbol id="sm-89e">
         <name>memccpy</name>
         <value>0x6157</value>
         <object_component_ref idref="oc-245"/>
      </symbol>
      <symbol id="sm-8a9">
         <name>copysign</name>
         <value>0x61e9</value>
         <object_component_ref idref="oc-2bc"/>
      </symbol>
      <symbol id="sm-8aa">
         <name>copysignl</name>
         <value>0x61e9</value>
         <object_component_ref idref="oc-2bc"/>
      </symbol>
      <symbol id="sm-8c7">
         <name>floorl</name>
         <value>0x5911</value>
         <object_component_ref idref="oc-290"/>
      </symbol>
      <symbol id="sm-8c8">
         <name>floor</name>
         <value>0x5911</value>
         <object_component_ref idref="oc-290"/>
      </symbol>
      <symbol id="sm-8de">
         <name>frexpl</name>
         <value>0x5dfd</value>
         <object_component_ref idref="oc-22d"/>
      </symbol>
      <symbol id="sm-8df">
         <name>frexp</name>
         <value>0x5dfd</value>
         <object_component_ref idref="oc-22d"/>
      </symbol>
      <symbol id="sm-8e9">
         <name>_system_post_cinit</name>
         <value>0x4f43</value>
         <object_component_ref idref="oc-a6"/>
      </symbol>
      <symbol id="sm-8f9">
         <name>strchr</name>
         <value>0x61bd</value>
         <object_component_ref idref="oc-239"/>
      </symbol>
      <symbol id="sm-907">
         <name>strlen</name>
         <value>0x6211</value>
         <object_component_ref idref="oc-221"/>
      </symbol>
      <symbol id="sm-923">
         <name>__aeabi_uldivmod</name>
         <value>0x4b99</value>
         <object_component_ref idref="oc-21c"/>
      </symbol>
      <symbol id="sm-959">
         <name>IntRegister</name>
         <value>0x60d5</value>
         <object_component_ref idref="oc-19e"/>
      </symbol>
      <symbol id="sm-95a">
         <name>g_pfnRAMVectors</name>
         <value>0x20000000</value>
         <object_component_ref idref="oc-265"/>
      </symbol>
      <symbol id="sm-95b">
         <name>IntMasterEnable</name>
         <value>0x6225</value>
         <object_component_ref idref="oc-1a4"/>
      </symbol>
      <symbol id="sm-965">
         <name>CPUcpsie</name>
         <value>0x6253</value>
         <object_component_ref idref="oc-26a"/>
      </symbol>
      <symbol id="sm-966">
         <name>__TI_static_base__</name>
         <value>0x0</value>
      </symbol>
      <symbol id="sm-969">
         <name>SHT$$INIT_ARRAY$$Limit</name>
         <value>0x0</value>
      </symbol>
      <symbol id="sm-96a">
         <name>SHT$$INIT_ARRAY$$Base</name>
         <value>0x0</value>
      </symbol>
   </symbol_table>
   <title>Link successful</title>
</link_info>
